Component: Arm Compiler for Embedded 6.22 Tool: armlink [5ee90200]

==============================================================================

Section Cross References

    startup_stm32f405xx.o(RESET) refers to startup_stm32f405xx.o(STACK) for __initial_sp
    startup_stm32f405xx.o(RESET) refers to startup_stm32f405xx.o(.text) for Reset_Handler
    startup_stm32f405xx.o(RESET) refers to stm32f4xx_it.o(.text.NMI_Handler) for NMI_Handler
    startup_stm32f405xx.o(RESET) refers to stm32f4xx_it.o(.text.HardFault_Handler) for HardFault_Handler
    startup_stm32f405xx.o(RESET) refers to stm32f4xx_it.o(.text.MemManage_Handler) for MemManage_Handler
    startup_stm32f405xx.o(RESET) refers to stm32f4xx_it.o(.text.BusFault_Handler) for BusFault_Handler
    startup_stm32f405xx.o(RESET) refers to stm32f4xx_it.o(.text.UsageFault_Handler) for UsageFault_Handler
    startup_stm32f405xx.o(RESET) refers to stm32f4xx_it.o(.text.SVC_Handler) for SVC_Handler
    startup_stm32f405xx.o(RESET) refers to stm32f4xx_it.o(.text.DebugMon_Handler) for DebugMon_Handler
    startup_stm32f405xx.o(RESET) refers to stm32f4xx_it.o(.text.PendSV_Handler) for PendSV_Handler
    startup_stm32f405xx.o(RESET) refers to stm32f4xx_it.o(.text.SysTick_Handler) for SysTick_Handler
    startup_stm32f405xx.o(RESET) refers to stm32f4xx_it.o(.text.DMA1_Stream5_IRQHandler) for DMA1_Stream5_IRQHandler
    startup_stm32f405xx.o(RESET) refers to stm32f4xx_it.o(.text.DMA1_Stream6_IRQHandler) for DMA1_Stream6_IRQHandler
    startup_stm32f405xx.o(RESET) refers to stm32f4xx_it.o(.text.TIM1_UP_TIM10_IRQHandler) for TIM1_UP_TIM10_IRQHandler
    startup_stm32f405xx.o(RESET) refers to stm32f4xx_it.o(.text.TIM3_IRQHandler) for TIM3_IRQHandler
    startup_stm32f405xx.o(RESET) refers to stm32f4xx_it.o(.text.USART1_IRQHandler) for USART1_IRQHandler
    startup_stm32f405xx.o(RESET) refers to stm32f4xx_it.o(.text.USART2_IRQHandler) for USART2_IRQHandler
    startup_stm32f405xx.o(RESET) refers to stm32f4xx_it.o(.text.TIM8_UP_TIM13_IRQHandler) for TIM8_UP_TIM13_IRQHandler
    startup_stm32f405xx.o(.text) refers to system_stm32f4xx.o(.text.SystemInit) for SystemInit
    startup_stm32f405xx.o(.text) refers to entry.o(.ARM.Collect$$$$00000000) for __main
    iqr.o(.text.HAL_UART_RxCplCallback) refers to iqr.o(.data.u1_rx_data_temp) for u1_rx_data_temp
    iqr.o(.text.HAL_UART_RxCplCallback) refers to iqr.o(.bss.buff) for buff
    iqr.o(.text.HAL_UART_RxCplCallback) refers to usart.o(.bss.huart1) for huart1
    iqr.o(.text.HAL_UART_RxCplCallback) refers to stm32f4xx_hal_uart.o(.text.HAL_UART_Receive_IT) for HAL_UART_Receive_IT
    iqr.o(.text.HAL_UART_RxCplCallback) refers to usart.o(.bss.huart2) for huart2
    iqr.o(.text.HAL_UART_RxCplCallback) refers to iqr.o(.data.u2_rx_data_temp) for u2_rx_data_temp
    iqr.o(.text.HAL_UART_RxCplCallback) refers to stm32f4xx_hal_uart.o(.text.HAL_UART_Receive_DMA) for HAL_UART_Receive_DMA
    iqr.o(.ARM.exidx.text.HAL_UART_RxCplCallback) refers to iqr.o(.text.HAL_UART_RxCplCallback) for [Anonymous Symbol]
    main.o(.text.main) refers to eventrecorder.o(.text.EventRecorderInitialize) for EventRecorderInitialize
    main.o(.text.main) refers to eventrecorder.o(.text.EventRecorderStart) for EventRecorderStart
    main.o(.text.main) refers to stm32f4xx_hal.o(.text.HAL_Init) for HAL_Init
    main.o(.text.main) refers to main.o(.text.SystemClock_Config) for SystemClock_Config
    main.o(.text.main) refers to gpio.o(.text.MX_GPIO_Init) for MX_GPIO_Init
    main.o(.text.main) refers to dma.o(.text.MX_DMA_Init) for MX_DMA_Init
    main.o(.text.main) refers to tim.o(.text.MX_TIM1_Init) for MX_TIM1_Init
    main.o(.text.main) refers to tim.o(.text.MX_TIM3_Init) for MX_TIM3_Init
    main.o(.text.main) refers to usart.o(.text.MX_USART1_UART_Init) for MX_USART1_UART_Init
    main.o(.text.main) refers to usart.o(.text.MX_USART2_UART_Init) for MX_USART2_UART_Init
    main.o(.text.main) refers to led_beep.o(.text.BEEP_ALARM) for BEEP_ALARM
    main.o(.text.main) refers to stm32f4xx_hal_gpio.o(.text.HAL_GPIO_WritePin) for HAL_GPIO_WritePin
    main.o(.text.main) refers to usart.o(.bss.huart2) for huart2
    main.o(.text.main) refers to iqr.o(.data.u2_rx_data_temp) for u2_rx_data_temp
    main.o(.text.main) refers to stm32f4xx_hal_uart.o(.text.HAL_UART_Receive_DMA) for HAL_UART_Receive_DMA
    main.o(.text.main) refers to stm32f4xx_hal.o(.text.HAL_Delay) for HAL_Delay
    main.o(.text.main) refers to main.o(.bss.sinValue) for sinValue
    main.o(.text.main) refers to iqr.o(.bss.buff2) for buff2
    main.o(.text.main) refers to main.o(.data.tail) for tail
    main.o(.text.main) refers to stm32f4xx_hal_uart.o(.text.HAL_UART_Transmit_DMA) for HAL_UART_Transmit_DMA
    main.o(.text.main) refers to main.o(.bss.value) for value
    main.o(.text.main) refers to f2d.o(.text) for __aeabi_f2d
    main.o(.text.main) refers to dadd.o(.text) for __aeabi_dadd
    main.o(.text.main) refers to d2f.o(.text) for __aeabi_d2f
[...]
    stm32f4xx_hal_flash_ramfunc.c            0x00000000   Number         0  stm32f4xx_hal_flash_ramfunc.o ABSOLUTE
    stm32f4xx_hal_gpio.c                     0x00000000   Number         0  stm32f4xx_hal_gpio.o ABSOLUTE
    stm32f4xx_hal_msp.c                      0x00000000   Number         0  stm32f4xx_hal_msp.o ABSOLUTE
    stm32f4xx_hal_pwr.c                      0x00000000   Number         0  stm32f4xx_hal_pwr.o ABSOLUTE
    stm32f4xx_hal_pwr_ex.c                   0x00000000   Number         0  stm32f4xx_hal_pwr_ex.o ABSOLUTE
    stm32f4xx_hal_rcc.c                      0x00000000   Number         0  stm32f4xx_hal_rcc.o ABSOLUTE
    stm32f4xx_hal_rcc_ex.c                   0x00000000   Number         0  stm32f4xx_hal_rcc_ex.o ABSOLUTE
    stm32f4xx_hal_tim.c                      0x00000000   Number         0  stm32f4xx_hal_tim.o ABSOLUTE
    stm32f4xx_hal_tim_ex.c                   0x00000000   Number         0  stm32f4xx_hal_tim_ex.o ABSOLUTE
    stm32f4xx_hal_timebase_tim.c             0x00000000   Number         0  stm32f4xx_hal_timebase_tim.o ABSOLUTE
    stm32f4xx_hal_uart.c                     0x00000000   Number         0  stm32f4xx_hal_uart.o ABSOLUTE
    stm32f4xx_it.c                           0x00000000   Number         0  stm32f4xx_it.o ABSOLUTE
    system_stm32f4xx.c                       0x00000000   Number         0  system_stm32f4xx.o ABSOLUTE
    tim.c                                    0x00000000   Number         0  tim.o ABSOLUTE
    usart.c                                  0x00000000   Number         0  usart.o ABSOLUTE
    RESET                                    0x08000000   Section      392  startup_stm32f405xx.o(RESET)
    .ARM.Collect$$$$00000000                 0x08000188   Section        0  entry.o(.ARM.Collect$$$$00000000)
    .ARM.Collect$$$$00000001                 0x08000188   Section        4  entry2.o(.ARM.Collect$$$$00000001)
    .ARM.Collect$$$$00000004                 0x0800018c   Section        4  entry5.o(.ARM.Collect$$$$00000004)
    .ARM.Collect$$$$00000008                 0x08000190   Section        0  entry7b.o(.ARM.Collect$$$$00000008)
    .ARM.Collect$$$$0000000A                 0x08000190   Section        0  entry8b.o(.ARM.Collect$$$$0000000A)
    .ARM.Collect$$$$0000000B                 0x08000190   Section        8  entry9a.o(.ARM.Collect$$$$0000000B)
    __lit__00000000                          0x08000198   Data           4  entry2.o(.ARM.Collect$$$$00002712)
    .ARM.Collect$$$$0000000D                 0x08000198   Section        0  entry10a.o(.ARM.Collect$$$$0000000D)
    .ARM.Collect$$$$0000000F                 0x08000198   Section        0  entry11a.o(.ARM.Collect$$$$0000000F)
    .ARM.Collect$$$$00002712                 0x08000198   Section        4  entry2.o(.ARM.Collect$$$$00002712)
    $v0                                      0x0800019c   Number         0  startup_stm32f405xx.o(.text)
    .text                                    0x0800019c   Section       36  startup_stm32f405xx.o(.text)
    .text                                    0x080001c0   Section        0  uldiv.o(.text)
    .text                                    0x08000222   Section        0  memcpya.o(.text)
    .text                                    0x08000246   Section        0  memseta.o(.text)
    .text                                    0x0800026a   Section        0  dadd.o(.text)
    .text                                    0x080003b8   Section        0  f2d.o(.text)
    .text                                    0x080003de   Section        0  d2f.o(.text)
    .text                                    0x08000416   Section        0  uidiv.o(.text)
    .text                                    0x08000442   Section        0  llshl.o(.text)
    .text                                    0x08000460   Section        0  llushr.o(.text)
    .text                                    0x08000480   Section        0  llsshr.o(.text)
    .text                                    0x080004a4   Section        0  iusefp.o(.text)
    .text                                    0x080004a4   Section        0  fepilogue.o(.text)
    .text                                    0x08000512   Section        0  depilogue.o(.text)
    .text                                    0x080005cc   Section        0  dmul.o(.text)
    .text                                    0x080006b0   Section        0  ddiv.o(.text)
    .text                                    0x0800078e   Section        0  dfixul.o(.text)
    .text                                    0x080007c0   Section       48  cdrcmple.o(.text)
    .text                                    0x080007f0   Section       48  init.o(.text)
    .text                                    0x08000820   Section        0  dflti.o(.text)
    .text                                    0x08000842   Section        0  dfltui.o(.text)
    .text                                    0x0800085c   Section        0  dfixi.o(.text)
    [Anonymous Symbol]                       0x0800089c   Section        0  led_beep.o(.text.BEEP_ALARM)
    [Anonymous Symbol]                       0x080008e4   Section        0  stm32f4xx_it.o(.text.BusFault_Handler)
    [Anonymous Symbol]                       0x080008e8   Section        0  stm32f4xx_it.o(.text.DMA1_Stream5_IRQHandler)
    [Anonymous Symbol]                       0x080008f8   Section        0  stm32f4xx_it.o(.text.DMA1_Stream6_IRQHandler)
    DMA_CalcBaseAndBitshift                  0x08000909   Thumb Code    86  stm32f4xx_hal_dma.o(.text.DMA_CalcBaseAndBitshift)
    [Anonymous Symbol]                       0x08000908   Section        0  stm32f4xx_hal_dma.o(.text.DMA_CalcBaseAndBitshift)
    DMA_CheckFifoParam                       0x08000961   Thumb Code   240  stm32f4xx_hal_dma.o(.text.DMA_CheckFifoParam)
    [Anonymous Symbol]                       0x08000960   Section        0  stm32f4xx_hal_dma.o(.text.DMA_CheckFifoParam)
    DMA_SetConfig                            0x08000a51   Thumb Code    80  stm32f4xx_hal_dma.o(.text.DMA_SetConfig)
    [Anonymous Symbol]                       0x08000a50   Section        0  stm32f4xx_hal_dma.o(.text.DMA_SetConfig)
    [Anonymous Symbol]                       0x08000aa0   Section        0  stm32f4xx_it.o(.text.DebugMon_Handler)
    [Anonymous Symbol]                       0x08000aa4   Section        0  main.o(.text.Error_Handler)
    EventCheckFilter                         0x08000aad   Thumb Code    60  eventrecorder.o(.text.EventCheckFilter)
    [Anonymous Symbol]                       0x08000aac   Section        0  eventrecorder.o(.text.EventCheckFilter)
    EventGetTS                               0x08000ae9   Thumb Code   154  eventrecorder.o(.text.EventGetTS)
    [Anonymous Symbol]                       0x08000ae8   Section        0  eventrecorder.o(.text.EventGetTS)
    [Anonymous Symbol]                       0x08000b84   Section        0  eventrecorder.o(.text.EventRecord2)
    [Anonymous Symbol]                       0x08000be0   Section        0  eventrecorder.o(.text.EventRecordData)
    EventRecordItem                          0x08000d69   Thumb Code   238  eventrecorder.o(.text.EventRecordItem)
    [Anonymous Symbol]                       0x08000d68   Section        0  eventrecorder.o(.text.EventRecordItem)
    [Anonymous Symbol]                       0x08000e58   Section        0  eventrecorder.o(.text.EventRecorderEnable)
    [Anonymous Symbol]                       0x08000eec   Section        0  eventrecorder.o(.text.EventRecorderInitialize)
    [Anonymous Symbol]                       0x080010a4   Section        0  eventrecorder.o(.text.EventRecorderStart)
    [Anonymous Symbol]                       0x080010f0   Section        0  eventrecorder.o(.text.EventRecorderTimerGetCount)
    [Anonymous Symbol]                       0x080010fc   Section        0  eventrecorder.o(.text.EventRecorderTimerGetFreq)
    [Anonymous Symbol]                       0x08001108   Section        0  eventrecorder.o(.text.EventRecorderTimerSetup)
    GetContext                               0x0800112d   Thumb Code    18  eventrecorder.o(.text.GetContext)
    [Anonymous Symbol]                       0x0800112c   Section        0  eventrecorder.o(.text.GetContext)
    GetRecordIndex                           0x08001141   Thumb Code    18  eventrecorder.o(.text.GetRecordIndex)
    [Anonymous Symbol]                       0x08001140   Section        0  eventrecorder.o(.text.GetRecordIndex)
    [Anonymous Symbol]                       0x08001154   Section        0  stm32f4xx_hal_dma.o(.text.HAL_DMA_Abort)
    [Anonymous Symbol]                       0x08001240   Section        0  stm32f4xx_hal_dma.o(.text.HAL_DMA_Abort_IT)
    [Anonymous Symbol]                       0x08001284   Section        0  stm32f4xx_hal_dma.o(.text.HAL_DMA_IRQHandler)
    [Anonymous Symbol]                       0x080015a4   Section        0  stm32f4xx_hal_dma.o(.text.HAL_DMA_Init)
    [Anonymous Symbol]                       0x08001714   Section        0  stm32f4xx_hal_dma.o(.text.HAL_DMA_Start_IT)
    [Anonymous Symbol]                       0x080017d8   Section        0  stm32f4xx_hal.o(.text.HAL_Delay)
    [Anonymous Symbol]                       0x0800181c   Section        0  stm32f4xx_hal_gpio.o(.text.HAL_GPIO_Init)
    [Anonymous Symbol]                       0x08001bd4   Section        0  stm32f4xx_hal_gpio.o(.text.HAL_GPIO_WritePin)
    [Anonymous Symbol]                       0x08001c04   Section        0  stm32f4xx_hal.o(.text.HAL_GetTick)
    [Anonymous Symbol]                       0x08001c10   Section        0  stm32f4xx_hal.o(.text.HAL_IncTick)
    [Anonymous Symbol]                       0x08001c2c   Section        0  stm32f4xx_hal.o(.text.HAL_Init)
    [Anonymous Symbol]                       0x08001c64   Section        0  stm32f4xx_hal_timebase_tim.o(.text.HAL_InitTick)
    [Anonymous Symbol]                       0x08001d40   Section        0  stm32f4xx_hal_msp.o(.text.HAL_MspInit)
    [Anonymous Symbol]                       0x08001d8c   Section        0  stm32f4xx_hal_cortex.o(.text.HAL_NVIC_EnableIRQ)
    [Anonymous Symbol]                       0x08001da0   Section        0  stm32f4xx_hal_cortex.o(.text.HAL_NVIC_SetPriority)
    [Anonymous Symbol]                       0x08001dd4   Section        0  stm32f4xx_hal_cortex.o(.text.HAL_NVIC_SetPriorityGrouping)
    [Anonymous Symbol]                       0x08001de4   Section        0  stm32f4xx_hal_rcc.o(.text.HAL_RCC_ClockConfig)
    [Anonymous Symbol]                       0x08002048   Section        0  stm32f4xx_hal_rcc.o(.text.HAL_RCC_GetClockConfig)
    [Anonymous Symbol]                       0x0800209c   Section        0  stm32f4xx_hal_rcc.o(.text.HAL_RCC_GetHCLKFreq)
    [Anonymous Symbol]                       0x080020a8   Section        0  stm32f4xx_hal_rcc.o(.text.HAL_RCC_GetPCLK1Freq)
    [Anonymous Symbol]                       0x080020cc   Section        0  stm32f4xx_hal_rcc.o(.text.HAL_RCC_GetPCLK2Freq)
    [Anonymous Symbol]                       0x080020f0   Section        0  stm32f4xx_hal_rcc.o(.text.HAL_RCC_GetSysClockFreq)
    [Anonymous Symbol]                       0x080021d8   Section        0  stm32f4xx_hal_rcc.o(.text.HAL_RCC_OscConfig)
    [Anonymous Symbol]                       0x08002898   Section        0  stm32f4xx_hal_tim_ex.o(.text.HAL_TIMEx_BreakCallback)
    [Anonymous Symbol]                       0x080028a0   Section        0  stm32f4xx_hal_tim_ex.o(.text.HAL_TIMEx_CommutCallback)
    [Anonymous Symbol]                       0x080028a8   Section        0  stm32f4xx_hal_tim_ex.o(.text.HAL_TIMEx_MasterConfigSynchronization)
    [Anonymous Symbol]                       0x080029cc   Section        0  stm32f4xx_hal_tim.o(.text.HAL_TIM_Base_Init)
    [Anonymous Symbol]                       0x08002a68   Section        0  tim.o(.text.HAL_TIM_Base_MspInit)
    [Anonymous Symbol]                       0x08002b04   Section        0  stm32f4xx_hal_tim.o(.text.HAL_TIM_Base_Start_IT)
    [Anonymous Symbol]                       0x08002bfc   Section        0  stm32f4xx_hal_tim.o(.text.HAL_TIM_ConfigClockSource)
    [Anonymous Symbol]                       0x08002d80   Section        0  stm32f4xx_hal_tim.o(.text.HAL_TIM_IC_CaptureCallback)
    [Anonymous Symbol]                       0x08002d88   Section        0  stm32f4xx_hal_tim.o(.text.HAL_TIM_IRQHandler)
    [Anonymous Symbol]                       0x08002fa4   Section        0  tim.o(.text.HAL_TIM_MspPostInit)
    [Anonymous Symbol]                       0x0800300c   Section        0  stm32f4xx_hal_tim.o(.text.HAL_TIM_OC_DelayElapsedCallback)
    [Anonymous Symbol]                       0x08003014   Section        0  stm32f4xx_hal_tim.o(.text.HAL_TIM_PWM_ConfigChannel)
    [Anonymous Symbol]                       0x08003158   Section        0  stm32f4xx_hal_tim.o(.text.HAL_TIM_PWM_Init)
    [Anonymous Symbol]                       0x080031f4   Section        0  stm32f4xx_hal_tim.o(.text.HAL_TIM_PWM_MspInit)
    [Anonymous Symbol]                       0x080031fc   Section        0  stm32f4xx_hal_tim.o(.text.HAL_TIM_PWM_PulseFinishedCallback)
    [Anonymous Symbol]                       0x08003204   Section        0  stm32f4xx_hal_tim.o(.text.HAL_TIM_PWM_Start)
    [Anonymous Symbol]                       0x080033d0   Section        0  main.o(.text.HAL_TIM_PeriodElapsedCallback)
    [Anonymous Symbol]                       0x08003624   Section        0  stm32f4xx_hal_tim.o(.text.HAL_TIM_TriggerCallback)
    [Anonymous Symbol]                       0x0800362c   Section        0  stm32f4xx_hal_uart.o(.text.HAL_UARTEx_RxEventCallback)
    [Anonymous Symbol]                       0x08003638   Section        0  stm32f4xx_hal_uart.o(.text.HAL_UART_ErrorCallback)
    [Anonymous Symbol]                       0x08003640   Section        0  stm32f4xx_hal_uart.o(.text.HAL_UART_IRQHandler)
    [Anonymous Symbol]                       0x08003a9c   Section        0  stm32f4xx_hal_uart.o(.text.HAL_UART_Init)
    [Anonymous Symbol]                       0x08003b3c   Section        0  usart.o(.text.HAL_UART_MspInit)
    [Anonymous Symbol]                       0x08003d7c   Section        0  stm32f4xx_hal_uart.o(.text.HAL_UART_Receive_DMA)
    [Anonymous Symbol]                       0x08003dd4   Section        0  stm32f4xx_hal_uart.o(.text.HAL_UART_RxCpltCallback)
    [Anonymous Symbol]                       0x08003ddc   Section        0  stm32f4xx_hal_uart.o(.text.HAL_UART_RxHalfCpltCallback)
    [Anonymous Symbol]                       0x08003de4   Section        0  stm32f4xx_hal_uart.o(.text.HAL_UART_Transmit_DMA)
    [Anonymous Symbol]                       0x08003ee0   Section        0  stm32f4xx_hal_uart.o(.text.HAL_UART_TxCpltCallback)
    [Anonymous Symbol]                       0x08003ee8   Section        0  stm32f4xx_hal_uart.o(.text.HAL_UART_TxHalfCpltCallback)
    [Anonymous Symbol]                       0x08003ef0   Section        0  stm32f4xx_it.o(.text.HardFault_Handler)
    IncrementRecordsDumped                   0x08003ef5   Thumb Code    18  eventrecorder.o(.text.IncrementRecordsDumped)
    [Anonymous Symbol]                       0x08003ef4   Section        0  eventrecorder.o(.text.IncrementRecordsDumped)
    IncrementRecordsWritten                  0x08003f09   Thumb Code    18  eventrecorder.o(.text.IncrementRecordsWritten)
    [Anonymous Symbol]                       0x08003f08   Section        0  eventrecorder.o(.text.IncrementRecordsWritten)
    LockRecord                               0x08003f1d   Thumb Code   140  eventrecorder.o(.text.LockRecord)
    [Anonymous Symbol]                       0x08003f1c   Section        0  eventrecorder.o(.text.LockRecord)
    [Anonymous Symbol]                       0x08003fa8   Section        0  dma.o(.text.MX_DMA_Init)
    [Anonymous Symbol]                       0x08003ff8   Section        0  gpio.o(.text.MX_GPIO_Init)
    [Anonymous Symbol]                       0x0800407c   Section        0  tim.o(.text.MX_TIM1_Init)
    [Anonymous Symbol]                       0x08004110   Section        0  tim.o(.text.MX_TIM3_Init)
    [Anonymous Symbol]                       0x08004224   Section        0  usart.o(.text.MX_USART1_UART_Init)
    [Anonymous Symbol]                       0x08004264   Section        0  usart.o(.text.MX_USART2_UART_Init)
    [Anonymous Symbol]                       0x080042a4   Section        0  stm32f4xx_it.o(.text.MemManage_Handler)
    [Anonymous Symbol]                       0x080042a8   Section        0  stm32f4xx_it.o(.text.NMI_Handler)
    NVIC_EncodePriority                      0x080042ad   Thumb Code   108  stm32f4xx_hal_cortex.o(.text.NVIC_EncodePriority)
    [Anonymous Symbol]                       0x080042ac   Section        0  stm32f4xx_hal_cortex.o(.text.NVIC_EncodePriority)
    [Anonymous Symbol]                       0x08004318   Section        0  stm32f4xx_it.o(.text.PendSV_Handler)
    [Anonymous Symbol]                       0x0800431c   Section        0  stm32f4xx_it.o(.text.SVC_Handler)
    [Anonymous Symbol]                       0x08004320   Section        0  stm32f4xx_it.o(.text.SysTick_Handler)
    [Anonymous Symbol]                       0x08004324   Section        0  main.o(.text.SystemClock_Config)
    [Anonymous Symbol]                       0x080043e4   Section        0  system_stm32f4xx.o(.text.SystemInit)
    [Anonymous Symbol]                       0x080043f8   Section        0  stm32f4xx_it.o(.text.TIM1_UP_TIM10_IRQHandler)
    [Anonymous Symbol]                       0x08004408   Section        0  stm32f4xx_it.o(.text.TIM3_IRQHandler)
    [Anonymous Symbol]                       0x08004418   Section        0  stm32f4xx_it.o(.text.TIM8_UP_TIM13_IRQHandler)
    [Anonymous Symbol]                       0x08004428   Section        0  stm32f4xx_hal_tim.o(.text.TIM_Base_SetConfig)
    [Anonymous Symbol]                       0x080045cc   Section        0  stm32f4xx_hal_tim.o(.text.TIM_CCxChannelCmd)
    [Anonymous Symbol]                       0x08004604   Section        0  stm32f4xx_hal_tim.o(.text.TIM_ETR_SetConfig)
    TIM_ITRx_SetConfig                       0x08004639   Thumb Code    42  stm32f4xx_hal_tim.o(.text.TIM_ITRx_SetConfig)
    [Anonymous Symbol]                       0x08004638   Section        0  stm32f4xx_hal_tim.o(.text.TIM_ITRx_SetConfig)
    TIM_OC1_SetConfig                        0x08004665   Thumb Code   234  stm32f4xx_hal_tim.o(.text.TIM_OC1_SetConfig)
    [Anonymous Symbol]                       0x08004664   Section        0  stm32f4xx_hal_tim.o(.text.TIM_OC1_SetConfig)
    [Anonymous Symbol]                       0x08004750   Section        0  stm32f4xx_hal_tim.o(.text.TIM_OC2_SetConfig)
    TIM_OC3_SetConfig                        0x08004845   Thumb Code   242  stm32f4xx_hal_tim.o(.text.TIM_OC3_SetConfig)
    [Anonymous Symbol]                       0x08004844   Section        0  stm32f4xx_hal_tim.o(.text.TIM_OC3_SetConfig)
    TIM_OC4_SetConfig                        0x08004939   Thumb Code   164  stm32f4xx_hal_tim.o(.text.TIM_OC4_SetConfig)
    [Anonymous Symbol]                       0x08004938   Section        0  stm32f4xx_hal_tim.o(.text.TIM_OC4_SetConfig)
    TIM_TI1_ConfigInputStage                 0x080049dd   Thumb Code    80  stm32f4xx_hal_tim.o(.text.TIM_TI1_ConfigInputStage)
    [Anonymous Symbol]                       0x080049dc   Section        0  stm32f4xx_hal_tim.o(.text.TIM_TI1_ConfigInputStage)
    TIM_TI2_ConfigInputStage                 0x08004a2d   Thumb Code    82  stm32f4xx_hal_tim.o(.text.TIM_TI2_ConfigInputStage)
    [Anonymous Symbol]                       0x08004a2c   Section        0  stm32f4xx_hal_tim.o(.text.TIM_TI2_ConfigInputStage)
    UART_DMAAbortOnError                     0x08004a81   Thumb Code    28  stm32f4xx_hal_uart.o(.text.UART_DMAAbortOnError)
    [Anonymous Symbol]                       0x08004a80   Section        0  stm32f4xx_hal_uart.o(.text.UART_DMAAbortOnError)
    UART_DMAError                            0x08004a9d   Thumb Code   124  stm32f4xx_hal_uart.o(.text.UART_DMAError)
    [Anonymous Symbol]                       0x08004a9c   Section        0  stm32f4xx_hal_uart.o(.text.UART_DMAError)
    UART_DMAReceiveCplt                      0x08004b19   Thumb Code   244  stm32f4xx_hal_uart.o(.text.UART_DMAReceiveCplt)
    [Anonymous Symbol]                       0x08004b18   Section        0  stm32f4xx_hal_uart.o(.text.UART_DMAReceiveCplt)
    UART_DMARxHalfCplt                       0x08004c0d   Thumb Code    52  stm32f4xx_hal_uart.o(.text.UART_DMARxHalfCplt)
    [Anonymous Symbol]                       0x08004c0c   Section        0  stm32f4xx_hal_uart.o(.text.UART_DMARxHalfCplt)
    UART_DMATransmitCplt                     0x08004c41   Thumb Code   122  stm32f4xx_hal_uart.o(.text.UART_DMATransmitCplt)
    [Anonymous Symbol]                       0x08004c40   Section        0  stm32f4xx_hal_uart.o(.text.UART_DMATransmitCplt)
    UART_DMATxHalfCplt                       0x08004cbd   Thumb Code    22  stm32f4xx_hal_uart.o(.text.UART_DMATxHalfCplt)
    [Anonymous Symbol]                       0x08004cbc   Section        0  stm32f4xx_hal_uart.o(.text.UART_DMATxHalfCplt)
    UART_EndRxTransfer                       0x08004cd5   Thumb Code   148  stm32f4xx_hal_uart.o(.text.UART_EndRxTransfer)
    [Anonymous Symbol]                       0x08004cd4   Section        0  stm32f4xx_hal_uart.o(.text.UART_EndRxTransfer)
    UART_EndTransmit_IT                      0x08004d69   Thumb Code    38  stm32f4xx_hal_uart.o(.text.UART_EndTransmit_IT)
    [Anonymous Symbol]                       0x08004d68   Section        0  stm32f4xx_hal_uart.o(.text.UART_EndTransmit_IT)
    UART_EndTxTransfer                       0x08004d91   Thumb Code    54  stm32f4xx_hal_uart.o(.text.UART_EndTxTransfer)
    [Anonymous Symbol]                       0x08004d90   Section        0  stm32f4xx_hal_uart.o(.text.UART_EndTxTransfer)
    UART_Receive_IT                          0x08004dc9   Thumb Code   360  stm32f4xx_hal_uart.o(.text.UART_Receive_IT)
    [Anonymous Symbol]                       0x08004dc8   Section        0  stm32f4xx_hal_uart.o(.text.UART_Receive_IT)
    UART_SetConfig                           0x08004f31   Thumb Code   314  stm32f4xx_hal_uart.o(.text.UART_SetConfig)
    [Anonymous Symbol]                       0x08004f30   Section        0  stm32f4xx_hal_uart.o(.text.UART_SetConfig)
    [Anonymous Symbol]                       0x0800506c   Section        0  stm32f4xx_hal_uart.o(.text.UART_Start_Receive_DMA)
    UART_Transmit_IT                         0x0800519d   Thumb Code   148  stm32f4xx_hal_uart.o(.text.UART_Transmit_IT)
    [Anonymous Symbol]                       0x0800519c   Section        0  stm32f4xx_hal_uart.o(.text.UART_Transmit_IT)
    [Anonymous Symbol]                       0x08005230   Section        0  stm32f4xx_it.o(.text.USART1_IRQHandler)
    [Anonymous Symbol]                       0x08005240   Section        0  stm32f4xx_it.o(.text.USART2_IRQHandler)
    UnlockRecord                             0x08005251   Thumb Code    86  eventrecorder.o(.text.UnlockRecord)
    [Anonymous Symbol]                       0x08005250   Section        0  eventrecorder.o(.text.UnlockRecord)
    [Anonymous Symbol]                       0x080052a8   Section        0  stm32f4xx_it.o(.text.UsageFault_Handler)
    __NVIC_EnableIRQ                         0x080052ad   Thumb Code    48  stm32f4xx_hal_cortex.o(.text.__NVIC_EnableIRQ)
    [Anonymous Symbol]                       0x080052ac   Section        0  stm32f4xx_hal_cortex.o(.text.__NVIC_EnableIRQ)
    __NVIC_GetPriorityGrouping               0x080052dd   Thumb Code    16  stm32f4xx_hal_cortex.o(.text.__NVIC_GetPriorityGrouping)
    [Anonymous Symbol]                       0x080052dc   Section        0  stm32f4xx_hal_cortex.o(.text.__NVIC_GetPriorityGrouping)
    __NVIC_SetPriority                       0x080052ed   Thumb Code    66  stm32f4xx_hal_cortex.o(.text.__NVIC_SetPriority)
    [Anonymous Symbol]                       0x080052ec   Section        0  stm32f4xx_hal_cortex.o(.text.__NVIC_SetPriority)
    __NVIC_SetPriorityGrouping               0x08005331   Thumb Code    60  stm32f4xx_hal_cortex.o(.text.__NVIC_SetPriorityGrouping)
    [Anonymous Symbol]                       0x08005330   Section        0  stm32f4xx_hal_cortex.o(.text.__NVIC_SetPriorityGrouping)
    atomic_cmp_xch_32                        0x0800536d   Thumb Code    96  eventrecorder.o(.text.atomic_cmp_xch_32)
    [Anonymous Symbol]                       0x0800536c   Section        0  eventrecorder.o(.text.atomic_cmp_xch_32)
    atomic_inc_32                            0x080053cd   Thumb Code    76  eventrecorder.o(.text.atomic_inc_32)
    [Anonymous Symbol]                       0x080053cc   Section        0  eventrecorder.o(.text.atomic_inc_32)
    atomic_inc_8                             0x08005419   Thumb Code    88  eventrecorder.o(.text.atomic_inc_8)
    [Anonymous Symbol]                       0x08005418   Section        0  eventrecorder.o(.text.atomic_inc_8)
    crc16_ccitt                              0x08005471   Thumb Code   130  eventrecorder.o(.text.crc16_ccitt)
    [Anonymous Symbol]                       0x08005470   Section        0  eventrecorder.o(.text.crc16_ccitt)
    [Anonymous Symbol]                       0x080054f4   Section        0  retarget_io.o(.text.fputc)
    [Anonymous Symbol]                       0x08005528   Section        0  main.o(.text.main)
    [Anonymous Symbol]                       0x08005628   Section        0  stdout_evr.o(.text.stdout_putchar)
    i.__0printf                              0x080056a4   Section        0  printfa.o(i.__0printf)
    i.__ARM_fpclassify                       0x080056c4   Section        0  fpclassify.o(i.__ARM_fpclassify)
    i.__hardfp_sin                           0x080056f8   Section        0  sin.o(i.__hardfp_sin)
    i.__ieee754_rem_pio2                     0x080057c0   Section        0  rred.o(i.__ieee754_rem_pio2)
    i.__kernel_cos                           0x08005bf8   Section        0  cos_i.o(i.__kernel_cos)
    i.__kernel_poly                          0x08005d68   Section        0  poly.o(i.__kernel_poly)
    i.__kernel_sin                           0x08005e60   Section        0  sin_i.o(i.__kernel_sin)
    i.__mathlib_dbl_infnan                   0x08005f90   Section        0  dunder.o(i.__mathlib_dbl_infnan)
    i.__mathlib_dbl_invalid                  0x08005fa8   Section        0  dunder.o(i.__mathlib_dbl_invalid)
    i.__mathlib_dbl_underflow                0x08005fc8   Section        0  dunder.o(i.__mathlib_dbl_underflow)
    i.__scatterload_copy                     0x08005fe8   Section       14  handlers.o(i.__scatterload_copy)
    i.__scatterload_null                     0x08005ff6   Section        2  handlers.o(i.__scatterload_null)
    i.__scatterload_zeroinit                 0x08005ff8   Section       14  handlers.o(i.__scatterload_zeroinit)
    i.__set_errno                            0x08006008   Section        0  errno.o(i.__set_errno)
    _fp_digits                               0x08006015   Thumb Code   366  printfa.o(i._fp_digits)
    i._fp_digits                             0x08006014   Section        0  printfa.o(i._fp_digits)
    _printf_core                             0x08006199   Thumb Code  1744  printfa.o(i._printf_core)
    i._printf_core                           0x08006198   Section        0  printfa.o(i._printf_core)
    _printf_post_padding                     0x08006875   Thumb Code    36  printfa.o(i._printf_post_padding)
    i._printf_post_padding                   0x08006874   Section        0  printfa.o(i._printf_post_padding)
    _printf_pre_padding                      0x08006899   Thumb Code    46  printfa.o(i._printf_pre_padding)
    i._printf_pre_padding                    0x08006898   Section        0  printfa.o(i._printf_pre_padding)
    i.fabs                                   0x080068c6   Section        0  fabs.o(i.fabs)
    C                                        0x080068e0   Data          48  cos_i.o(.constdata)
    .constdata                               0x080068e0   Section       48  cos_i.o(.constdata)
    pio2s                                    0x08006910   Data          48  rred.o(.constdata)
    .constdata                               0x08006910   Section      204  rred.o(.constdata)
    twooverpi                                0x08006940   Data         156  rred.o(.constdata)
    S                                        0x080069e0   Data          40  sin_i.o(.constdata)
    .constdata                               0x080069e0   Section       40  sin_i.o(.constdata)
    DMA_CalcBaseAndBitshift.flagBitshiftOffset 0x08006a20   Data           8  stm32f4xx_hal_dma.o(.rodata.DMA_CalcBaseAndBitshift.flagBitshiftOffset)
    [Anonymous Symbol]                       0x08006a20   Section        0  stm32f4xx_hal_dma.o(.rodata.DMA_CalcBaseAndBitshift.flagBitshiftOffset)
    __tagsym$$used.0                         0x08006a28   Number         0  eventrecorder.o(.rodata.EventRecorderInfo)
    .L.str.1                                 0x08006a40   Data          12  main.o(.rodata.str1.1)
    [Anonymous Symbol]                       0x08006a40   Section        0  main.o(.rodata.str1.1)
    .L.str                                   0x08006a4c   Data          19  main.o(.rodata.str1.1)
    .data                                    0x20000000   Section        4  stdout.o(.data)
    _errno                                   0x20000004   Data           4  errno.o(.data)
    .data                                    0x20000004   Section        4  errno.o(.data)
    EventBuffer                              0x20000280   Data        4096  eventrecorder.o(.bss.noinit)
    [Anonymous Symbol]                       0x20000280   Section        0  eventrecorder.o(.bss.noinit)
    EventFilter                              0x20001280   Data         128  eventrecorder.o(.bss.noinit)
    EventStatus                              0x20001300   Data          36  eventrecorder.o(.bss.noinit)
    stdout_putchar.buffer                    0x20001328   Data           8  stdout_evr.o(.bss.stdout_putchar.buffer)
    [Anonymous Symbol]                       0x20001328   Section        0  stdout_evr.o(.bss.stdout_putchar.buffer)
    stdout_putchar.index                     0x20001330   Data           4  stdout_evr.o(.bss.stdout_putchar.index)
    [Anonymous Symbol]                       0x20001330   Section        0  stdout_evr.o(.bss.stdout_putchar.index)
    STACK                                    0x20001340   Section     2048  startup_stm32f405xx.o(STACK)

    Global Symbols

    Symbol Name                              Value     Ov Type        Size  Object(Section)

    BuildAttributes$$THM_ISAv4$E$P$D$K$B$S$7EM$VFPi3$EXTD16$VFPS$VFMA$PE$A:L22UL41UL21$X:L11$S22US41US21$IEEE1$IW$~IW$USESV6$~STKCKD$USESV7$~SHL$OTIME$ROPI$IEEEX$EBA8$MICROLIB$REQ8$PRES8$EABIv2 0x00000000   Number         0  anon$$obj.o ABSOLUTE
    __cpp_initialize__aeabi_                  - Undefined Weak Reference
    __cxa_finalize                            - Undefined Weak Reference
    __decompress                              - Undefined Weak Reference
    _clock_init                               - Undefined Weak Reference
    _microlib_exit                            - Undefined Weak Reference
    __Vectors_Size                           0x00000188   Number         0  startup_stm32f405xx.o ABSOLUTE
    __Vectors                                0x08000000   Data           4  startup_stm32f405xx.o(RESET)
    __Vectors_End                            0x08000188   Data           0  startup_stm32f405xx.o(RESET)
    __main                                   0x08000189   Thumb Code     0  entry.o(.ARM.Collect$$$$00000000)
    _main_stk                                0x08000189   Thumb Code     0  entry2.o(.ARM.Collect$$$$00000001)
    _main_scatterload                        0x0800018d   Thumb Code     0  entry5.o(.ARM.Collect$$$$00000004)
    __main_after_scatterload                 0x08000191   Thumb Code     0  entry5.o(.ARM.Collect$$$$00000004)
    _main_clock                              0x08000191   Thumb Code     0  entry7b.o(.ARM.Collect$$$$00000008)
    _main_cpp_init                           0x08000191   Thumb Code     0  entry8b.o(.ARM.Collect$$$$0000000A)
    _main_init                               0x08000191   Thumb Code     0  entry9a.o(.ARM.Collect$$$$0000000B)
    __rt_final_cpp                           0x08000199   Thumb Code     0  entry10a.o(.ARM.Collect$$$$0000000D)
    __rt_final_exit                          0x08000199   Thumb Code     0  entry11a.o(.ARM.Collect$$$$0000000F)
    Reset_Handler                            0x0800019d   Thumb Code     8  startup_stm32f405xx.o(.text)
    ADC_IRQHandler                           0x080001b7   Thumb Code     0  startup_stm32f405xx.o(.text)
    CAN1_RX0_IRQHandler                      0x080001b7   Thumb Code     0  startup_stm32f405xx.o(.text)
    CAN1_RX1_IRQHandler                      0x080001b7   Thumb Code     0  startup_stm32f405xx.o(.text)
    CAN1_SCE_IRQHandler                      0x080001b7   Thumb Code     0  startup_stm32f405xx.o(.text)
    CAN1_TX_IRQHandler                       0x080001b7   Thumb Code     0  startup_stm32f405xx.o(.text)
    CAN2_RX0_IRQHandler                      0x080001b7   Thumb Code     0  startup_stm32f405xx.o(.text)
    CAN2_RX1_IRQHandler                      0x080001b7   Thumb Code     0  startup_stm32f405xx.o(.text)
    CAN2_SCE_IRQHandler                      0x080001b7   Thumb Code     0  startup_stm32f405xx.o(.text)
    CAN2_TX_IRQHandler                       0x080001b7   Thumb Code     0  startup_stm32f405xx.o(.text)
    DMA1_Stream0_IRQHandler                  0x080001b7   Thumb Code     0  startup_stm32f405xx.o(.text)
    DMA1_Stream1_IRQHandler                  0x080001b7   Thumb Code     0  startup_stm32f405xx.o(.text)
    DMA1_Stream2_IRQHandler                  0x080001b7   Thumb Code     0  startup_stm32f405xx.o(.text)
    DMA1_Stream3_IRQHandler                  0x080001b7   Thumb Code     0  startup_stm32f405xx.o(.text)
    DMA1_Stream4_IRQHandler                  0x080001b7   Thumb Code     0  startup_stm32f405xx.o(.text)
    DMA1_Stream7_IRQHandler                  0x080001b7   Thumb Code     0  startup_stm32f405xx.o(.text)
    DMA2_Stream0_IRQHandler                  0x080001b7   Thumb Code     0  startup_stm32f405xx.o(.text)
    DMA2_Stream1_IRQHandler                  0x080001b7   Thumb Code     0  startup_stm32f405xx.o(.text)
    DMA2_Stream2_IRQHandler                  0x080001b7   Thumb Code     0  startup_stm32f405xx.o(.text)
    DMA2_Stream3_IRQHandler                  0x080001b7   Thumb Code     0  startup_stm32f405xx.o(.text)
    DMA2_Stream4_IRQHandler                  0x080001b7   Thumb Code     0  startup_stm32f405xx.o(.text)
    DMA2_Stream5_IRQHandler                  0x080001b7   Thumb Code     0  startup_stm32f405xx.o(.text)
    DMA2_Stream6_IRQHandler                  0x080001b7   Thumb Code     0  startup_stm32f405xx.o(.text)
    DMA2_Stream7_IRQHandler                  0x080001b7   Thumb Code     0  startup_stm32f405xx.o(.text)
    EXTI0_IRQHandler                         0x080001b7   Thumb Code     0  startup_stm32f405xx.o(.text)
    EXTI15_10_IRQHandler                     0x080001b7   Thumb Code     0  startup_stm32f405xx.o(.text)
    EXTI1_IRQHandler                         0x080001b7   Thumb Code     0  startup_stm32f405xx.o(.text)
    EXTI2_IRQHandler                         0x080001b7   Thumb Code     0  startup_stm32f405xx.o(.text)
    EXTI3_IRQHandler                         0x080001b7   Thumb Code     0  startup_stm32f405xx.o(.text)
    EXTI4_IRQHandler                         0x080001b7   Thumb Code     0  startup_stm32f405xx.o(.text)
    EXTI9_5_IRQHandler                       0x080001b7   Thumb Code     0  startup_stm32f405xx.o(.text)
    FLASH_IRQHandler                         0x080001b7   Thumb Code     0  startup_stm32f405xx.o(.text)
    FMC_IRQHandler                           0x080001b7   Thumb Code     0  startup_stm32f405xx.o(.text)
    FPU_IRQHandler                           0x080001b7   Thumb Code     0  startup_stm32f405xx.o(.text)
    HASH_RNG_IRQHandler                      0x080001b7   Thumb Code     0  startup_stm32f405xx.o(.text)
    I2C1_ER_IRQHandler                       0x080001b7   Thumb Code     0  startup_stm32f405xx.o(.text)
    I2C1_EV_IRQHandler                       0x080001b7   Thumb Code     0  startup_stm32f405xx.o(.text)
    I2C2_ER_IRQHandler                       0x080001b7   Thumb Code     0  startup_stm32f405xx.o(.text)
    I2C2_EV_IRQHandler                       0x080001b7   Thumb Code     0  startup_stm32f405xx.o(.text)
    I2C3_ER_IRQHandler                       0x080001b7   Thumb Code     0  startup_stm32f405xx.o(.text)
    I2C3_EV_IRQHandler                       0x080001b7   Thumb Code     0  startup_stm32f405xx.o(.text)
    OTG_FS_IRQHandler                        0x080001b7   Thumb Code     0  startup_stm32f405xx.o(.text)
    OTG_FS_WKUP_IRQHandler                   0x080001b7   Thumb Code     0  startup_stm32f405xx.o(.text)
    OTG_HS_EP1_IN_IRQHandler                 0x080001b7   Thumb Code     0  startup_stm32f405xx.o(.text)
    OTG_HS_EP1_OUT_IRQHandler                0x080001b7   Thumb Code     0  startup_stm32f405xx.o(.text)
    OTG_HS_IRQHandler                        0x080001b7   Thumb Code     0  startup_stm32f405xx.o(.text)
    OTG_HS_WKUP_IRQHandler                   0x080001b7   Thumb Code     0  startup_stm32f405xx.o(.text)
    PVD_IRQHandler                           0x080001b7   Thumb Code     0  startup_stm32f405xx.o(.text)
    RCC_IRQHandler                           0x080001b7   Thumb Code     0  startup_stm32f405xx.o(.text)
    RTC_Alarm_IRQHandler                     0x080001b7   Thumb Code     0  startup_stm32f405xx.o(.text)
    RTC_WKUP_IRQHandler                      0x080001b7   Thumb Code     0  startup_stm32f405xx.o(.text)
    SDIO_IRQHandler                          0x080001b7   Thumb Code     0  startup_stm32f405xx.o(.text)
    SPI1_IRQHandler                          0x080001b7   Thumb Code     0  startup_stm32f405xx.o(.text)
    SPI2_IRQHandler                          0x080001b7   Thumb Code     0  startup_stm32f405xx.o(.text)
    SPI3_IRQHandler                          0x080001b7   Thumb Code     0  startup_stm32f405xx.o(.text)
    TAMP_STAMP_IRQHandler                    0x080001b7   Thumb Code     0  startup_stm32f405xx.o(.text)
    TIM1_BRK_TIM9_IRQHandler                 0x080001b7   Thumb Code     0  startup_stm32f405xx.o(.text)
    TIM1_CC_IRQHandler                       0x080001b7   Thumb Code     0  startup_stm32f405xx.o(.text)
    TIM1_TRG_COM_TIM11_IRQHandler            0x080001b7   Thumb Code     0  startup_stm32f405xx.o(.text)
    TIM2_IRQHandler                          0x080001b7   Thumb Code     0  startup_stm32f405xx.o(.text)
    TIM4_IRQHandler                          0x080001b7   Thumb Code     0  startup_stm32f405xx.o(.text)
    TIM5_IRQHandler                          0x080001b7   Thumb Code     0  startup_stm32f405xx.o(.text)
    TIM6_DAC_IRQHandler                      0x080001b7   Thumb Code     0  startup_stm32f405xx.o(.text)
    TIM7_IRQHandler                          0x080001b7   Thumb Code     0  startup_stm32f405xx.o(.text)
    TIM8_BRK_TIM12_IRQHandler                0x080001b7   Thumb Code     0  startup_stm32f405xx.o(.text)
    TIM8_CC_IRQHandler                       0x080001b7   Thumb Code     0  startup_stm32f405xx.o(.text)
    TIM8_TRG_COM_TIM14_IRQHandler            0x080001b7   Thumb Code     0  startup_stm32f405xx.o(.text)
    UART4_IRQHandler                         0x080001b7   Thumb Code     0  startup_stm32f405xx.o(.text)
    UART5_IRQHandler                         0x080001b7   Thumb Code     0  startup_stm32f405xx.o(.text)
    USART3_IRQHandler                        0x080001b7   Thumb Code     0  startup_stm32f405xx.o(.text)
    USART6_IRQHandler                        0x080001b7   Thumb Code     0  startup_stm32f405xx.o(.text)
    WWDG_IRQHandler                          0x080001b7   Thumb Code     0  startup_stm32f405xx.o(.text)
    __aeabi_uldivmod                         0x080001c1   Thumb Code    98  uldiv.o(.text)
    __aeabi_memcpy                           0x08000223   Thumb Code    36  memcpya.o(.text)
    __aeabi_memcpy4                          0x08000223   Thumb Code     0  memcpya.o(.text)
    __aeabi_memcpy8                          0x08000223   Thumb Code     0  memcpya.o(.text)
    __aeabi_memset                           0x08000247   Thumb Code    14  memseta.o(.text)
    __aeabi_memset4                          0x08000247   Thumb Code     0  memseta.o(.text)
    __aeabi_memset8                          0x08000247   Thumb Code     0  memseta.o(.text)
    __aeabi_memclr                           0x08000255   Thumb Code     4  memseta.o(.text)
    __aeabi_memclr4                          0x08000255   Thumb Code     0  memseta.o(.text)
    __aeabi_memclr8                          0x08000255   Thumb Code     0  memseta.o(.text)
    _memset$wrapper                          0x08000259   Thumb Code    18  memseta.o(.text)
    __aeabi_dadd                             0x0800026b   Thumb Code   322  dadd.o(.text)
    __aeabi_dsub                             0x080003ad   Thumb Code     6  dadd.o(.text)
    __aeabi_drsub                            0x080003b3   Thumb Code     6  dadd.o(.text)
    __aeabi_f2d                              0x080003b9   Thumb Code    38  f2d.o(.text)
    __aeabi_d2f                              0x080003df   Thumb Code    56  d2f.o(.text)
    __aeabi_uidiv                            0x08000417   Thumb Code     0  uidiv.o(.text)
    __aeabi_uidivmod                         0x08000417   Thumb Code    44  uidiv.o(.text)
    __aeabi_llsl                             0x08000443   Thumb Code    30  llshl.o(.text)
    _ll_shift_l                              0x08000443   Thumb Code     0  llshl.o(.text)
    __aeabi_llsr                             0x08000461   Thumb Code    32  llushr.o(.text)
    _ll_ushift_r                             0x08000461   Thumb Code     0  llushr.o(.text)
    __aeabi_lasr                             0x08000481   Thumb Code    36  llsshr.o(.text)
    _ll_sshift_r                             0x08000481   Thumb Code     0  llsshr.o(.text)
    __I$use$fp                               0x080004a5   Thumb Code     0  iusefp.o(.text)
    _float_round                             0x080004a5   Thumb Code    18  fepilogue.o(.text)
    _float_epilogue                          0x080004b7   Thumb Code    92  fepilogue.o(.text)
    _double_round                            0x08000513   Thumb Code    30  depilogue.o(.text)
    _double_epilogue                         0x08000531   Thumb Code   156  depilogue.o(.text)
    __aeabi_dmul                             0x080005cd   Thumb Code   228  dmul.o(.text)
    __aeabi_ddiv                             0x080006b1   Thumb Code   222  ddiv.o(.text)
    __aeabi_d2ulz                            0x0800078f   Thumb Code    48  dfixul.o(.text)
    __aeabi_cdrcmple                         0x080007c1   Thumb Code    48  cdrcmple.o(.text)
    __scatterload                            0x080007f1   Thumb Code    38  init.o(.text)
    __scatterload_rt2                        0x080007f1   Thumb Code     0  init.o(.text)
    __aeabi_i2d                              0x08000821   Thumb Code    34  dflti.o(.text)
    __aeabi_ui2d                             0x08000843   Thumb Code    26  dfltui.o(.text)
    __aeabi_d2iz                             0x0800085d   Thumb Code    62  dfixi.o(.text)
    BEEP_ALARM                               0x0800089d   Thumb Code    72  led_beep.o(.text.BEEP_ALARM)
    BusFault_Handler                         0x080008e5   Thumb Code     4  stm32f4xx_it.o(.text.BusFault_Handler)
    DMA1_Stream5_IRQHandler                  0x080008e9   Thumb Code    16  stm32f4xx_it.o(.text.DMA1_Stream5_IRQHandler)
    DMA1_Stream6_IRQHandler                  0x080008f9   Thumb Code    16  stm32f4xx_it.o(.text.DMA1_Stream6_IRQHandler)
    DebugMon_Handler                         0x08000aa1   Thumb Code     2  stm32f4xx_it.o(.text.DebugMon_Handler)
    Error_Handler                            0x08000aa5   Thumb Code     6  main.o(.text.Error_Handler)
    EventRecord2                             0x08000b85   Thumb Code    90  eventrecorder.o(.text.EventRecord2)
    EventRecordData                          0x08000be1   Thumb Code   390  eventrecorder.o(.text.EventRecordData)
    EventRecorderEnable                      0x08000e59   Thumb Code   146  eventrecorder.o(.text.EventRecorderEnable)
    EventRecorderInitialize                  0x08000eed   Thumb Code   440  eventrecorder.o(.text.EventRecorderInitialize)
    EventRecorderStart                       0x080010a5   Thumb Code    74  eventrecorder.o(.text.EventRecorderStart)
    EventRecorderTimerGetCount               0x080010f1   Thumb Code    12  eventrecorder.o(.text.EventRecorderTimerGetCount)
    EventRecorderTimerGetFreq                0x080010fd   Thumb Code    12  eventrecorder.o(.text.EventRecorderTimerGetFreq)
    EventRecorderTimerSetup                  0x08001109   Thumb Code    36  eventrecorder.o(.text.EventRecorderTimerSetup)
    HAL_DMA_Abort                            0x08001155   Thumb Code   236  stm32f4xx_hal_dma.o(.text.HAL_DMA_Abort)
    HAL_DMA_Abort_IT                         0x08001241   Thumb Code    68  stm32f4xx_hal_dma.o(.text.HAL_DMA_Abort_IT)
    HAL_DMA_IRQHandler                       0x08001285   Thumb Code   798  stm32f4xx_hal_dma.o(.text.HAL_DMA_IRQHandler)
    HAL_DMA_Init                             0x080015a5   Thumb Code   366  stm32f4xx_hal_dma.o(.text.HAL_DMA_Init)
    HAL_DMA_Start_IT                         0x08001715   Thumb Code   194  stm32f4xx_hal_dma.o(.text.HAL_DMA_Start_IT)
    HAL_Delay                                0x080017d9   Thumb Code    66  stm32f4xx_hal.o(.text.HAL_Delay)
    HAL_GPIO_Init                            0x0800181d   Thumb Code   950  stm32f4xx_hal_gpio.o(.text.HAL_GPIO_Init)
    HAL_GPIO_WritePin                        0x08001bd5   Thumb Code    46  stm32f4xx_hal_gpio.o(.text.HAL_GPIO_WritePin)
    HAL_GetTick                              0x08001c05   Thumb Code    12  stm32f4xx_hal.o(.text.HAL_GetTick)
    HAL_IncTick                              0x08001c11   Thumb Code    26  stm32f4xx_hal.o(.text.HAL_IncTick)
    HAL_Init                                 0x08001c2d   Thumb Code    54  stm32f4xx_hal.o(.text.HAL_Init)
    HAL_InitTick                             0x08001c65   Thumb Code   220  stm32f4xx_hal_timebase_tim.o(.text.HAL_InitTick)
    HAL_MspInit                              0x08001d41   Thumb Code    74  stm32f4xx_hal_msp.o(.text.HAL_MspInit)
    HAL_NVIC_EnableIRQ                       0x08001d8d   Thumb Code    20  stm32f4xx_hal_cortex.o(.text.HAL_NVIC_EnableIRQ)
    HAL_NVIC_SetPriority                     0x08001da1   Thumb Code    50  stm32f4xx_hal_cortex.o(.text.HAL_NVIC_SetPriority)
    HAL_NVIC_SetPriorityGrouping             0x08001dd5   Thumb Code    16  stm32f4xx_hal_cortex.o(.text.HAL_NVIC_SetPriorityGrouping)
    HAL_RCC_ClockConfig                      0x08001de5   Thumb Code   610  stm32f4xx_hal_rcc.o(.text.HAL_RCC_ClockConfig)
    HAL_RCC_GetClockConfig                   0x08002049   Thumb Code    84  stm32f4xx_hal_rcc.o(.text.HAL_RCC_GetClockConfig)
    HAL_RCC_GetHCLKFreq                      0x0800209d   Thumb Code    12  stm32f4xx_hal_rcc.o(.text.HAL_RCC_GetHCLKFreq)
    HAL_RCC_GetPCLK1Freq                     0x080020a9   Thumb Code    34  stm32f4xx_hal_rcc.o(.text.HAL_RCC_GetPCLK1Freq)
    HAL_RCC_GetPCLK2Freq                     0x080020cd   Thumb Code    34  stm32f4xx_hal_rcc.o(.text.HAL_RCC_GetPCLK2Freq)
    HAL_RCC_GetSysClockFreq                  0x080020f1   Thumb Code   230  stm32f4xx_hal_rcc.o(.text.HAL_RCC_GetSysClockFreq)
    HAL_RCC_OscConfig                        0x080021d9   Thumb Code  1726  stm32f4xx_hal_rcc.o(.text.HAL_RCC_OscConfig)
    HAL_TIMEx_BreakCallback                  0x08002899   Thumb Code     8  stm32f4xx_hal_tim_ex.o(.text.HAL_TIMEx_BreakCallback)
    HAL_TIMEx_CommutCallback                 0x080028a1   Thumb Code     8  stm32f4xx_hal_tim_ex.o(.text.HAL_TIMEx_CommutCallback)
    HAL_TIMEx_MasterConfigSynchronization    0x080028a9   Thumb Code   290  stm32f4xx_hal_tim_ex.o(.text.HAL_TIMEx_MasterConfigSynchronization)
    HAL_TIM_Base_Init                        0x080029cd   Thumb Code   156  stm32f4xx_hal_tim.o(.text.HAL_TIM_Base_Init)
    HAL_TIM_Base_MspInit                     0x08002a69   Thumb Code   154  tim.o(.text.HAL_TIM_Base_MspInit)
    HAL_TIM_Base_Start_IT                    0x08002b05   Thumb Code   246  stm32f4xx_hal_tim.o(.text.HAL_TIM_Base_Start_IT)
    HAL_TIM_ConfigClockSource                0x08002bfd   Thumb Code   388  stm32f4xx_hal_tim.o(.text.HAL_TIM_ConfigClockSource)
    HAL_TIM_IC_CaptureCallback               0x08002d81   Thumb Code     8  stm32f4xx_hal_tim.o(.text.HAL_TIM_IC_CaptureCallback)
    HAL_TIM_IRQHandler                       0x08002d89   Thumb Code   538  stm32f4xx_hal_tim.o(.text.HAL_TIM_IRQHandler)
    HAL_TIM_MspPostInit                      0x08002fa5   Thumb Code   104  tim.o(.text.HAL_TIM_MspPostInit)
    HAL_TIM_OC_DelayElapsedCallback          0x0800300d   Thumb Code     8  stm32f4xx_hal_tim.o(.text.HAL_TIM_OC_DelayElapsedCallback)
    HAL_TIM_PWM_ConfigChannel                0x08003015   Thumb Code   322  stm32f4xx_hal_tim.o(.text.HAL_TIM_PWM_ConfigChannel)
    HAL_TIM_PWM_Init                         0x08003159   Thumb Code   156  stm32f4xx_hal_tim.o(.text.HAL_TIM_PWM_Init)
    HAL_TIM_PWM_MspInit                      0x080031f5   Thumb Code     8  stm32f4xx_hal_tim.o(.text.HAL_TIM_PWM_MspInit)
    HAL_TIM_PWM_PulseFinishedCallback        0x080031fd   Thumb Code     8  stm32f4xx_hal_tim.o(.text.HAL_TIM_PWM_PulseFinishedCallback)
    HAL_TIM_PWM_Start                        0x08003205   Thumb Code   458  stm32f4xx_hal_tim.o(.text.HAL_TIM_PWM_Start)
    HAL_TIM_PeriodElapsedCallback            0x080033d1   Thumb Code   596  main.o(.text.HAL_TIM_PeriodElapsedCallback)
    HAL_TIM_TriggerCallback                  0x08003625   Thumb Code     8  stm32f4xx_hal_tim.o(.text.HAL_TIM_TriggerCallback)
    HAL_UARTEx_RxEventCallback               0x0800362d   Thumb Code    12  stm32f4xx_hal_uart.o(.text.HAL_UARTEx_RxEventCallback)
    HAL_UART_ErrorCallback                   0x08003639   Thumb Code     8  stm32f4xx_hal_uart.o(.text.HAL_UART_ErrorCallback)
    HAL_UART_IRQHandler                      0x08003641   Thumb Code  1116  stm32f4xx_hal_uart.o(.text.HAL_UART_IRQHandler)
    HAL_UART_Init                            0x08003a9d   Thumb Code   158  stm32f4xx_hal_uart.o(.text.HAL_UART_Init)
    HAL_UART_MspInit                         0x08003b3d   Thumb Code   574  usart.o(.text.HAL_UART_MspInit)
    HAL_UART_Receive_DMA                     0x08003d7d   Thumb Code    86  stm32f4xx_hal_uart.o(.text.HAL_UART_Receive_DMA)
    HAL_UART_RxCpltCallback                  0x08003dd5   Thumb Code     8  stm32f4xx_hal_uart.o(.text.HAL_UART_RxCpltCallback)
    HAL_UART_RxHalfCpltCallback              0x08003ddd   Thumb Code     8  stm32f4xx_hal_uart.o(.text.HAL_UART_RxHalfCpltCallback)
    HAL_UART_Transmit_DMA                    0x08003de5   Thumb Code   252  stm32f4xx_hal_uart.o(.text.HAL_UART_Transmit_DMA)
    HAL_UART_TxCpltCallback                  0x08003ee1   Thumb Code     8  stm32f4xx_hal_uart.o(.text.HAL_UART_TxCpltCallback)
    HAL_UART_TxHalfCpltCallback              0x08003ee9   Thumb Code     8  stm32f4xx_hal_uart.o(.text.HAL_UART_TxHalfCpltCallback)
    HardFault_Handler                        0x08003ef1   Thumb Code     4  stm32f4xx_it.o(.text.HardFault_Handler)
    MX_DMA_Init                              0x08003fa9   Thumb Code    80  dma.o(.text.MX_DMA_Init)
    MX_GPIO_Init                             0x08003ff9   Thumb Code   132  gpio.o(.text.MX_GPIO_Init)
    MX_TIM1_Init                             0x0800407d   Thumb Code   146  tim.o(.text.MX_TIM1_Init)
    MX_TIM3_Init                             0x08004111   Thumb Code   276  tim.o(.text.MX_TIM3_Init)
    MX_USART1_UART_Init                      0x08004225   Thumb Code    64  usart.o(.text.MX_USART1_UART_Init)
    MX_USART2_UART_Init                      0x08004265   Thumb Code    64  usart.o(.text.MX_USART2_UART_Init)
    MemManage_Handler                        0x080042a5   Thumb Code     4  stm32f4xx_it.o(.text.MemManage_Handler)
    NMI_Handler                              0x080042a9   Thumb Code     4  stm32f4xx_it.o(.text.NMI_Handler)
    PendSV_Handler                           0x08004319   Thumb Code     2  stm32f4xx_it.o(.text.PendSV_Handler)
    SVC_Handler                              0x0800431d   Thumb Code     2  stm32f4xx_it.o(.text.SVC_Handler)
    SysTick_Handler                          0x08004321   Thumb Code     2  stm32f4xx_it.o(.text.SysTick_Handler)
    SystemClock_Config                       0x08004325   Thumb Code   190  main.o(.text.SystemClock_Config)
    SystemInit                               0x080043e5   Thumb Code    18  system_stm32f4xx.o(.text.SystemInit)
    TIM1_UP_TIM10_IRQHandler                 0x080043f9   Thumb Code    16  stm32f4xx_it.o(.text.TIM1_UP_TIM10_IRQHandler)
    TIM3_IRQHandler                          0x08004409   Thumb Code    16  stm32f4xx_it.o(.text.TIM3_IRQHandler)
    TIM8_UP_TIM13_IRQHandler                 0x08004419   Thumb Code    16  stm32f4xx_it.o(.text.TIM8_UP_TIM13_IRQHandler)
    TIM_Base_SetConfig                       0x08004429   Thumb Code   420  stm32f4xx_hal_tim.o(.text.TIM_Base_SetConfig)
    TIM_CCxChannelCmd                        0x080045cd   Thumb Code    54  stm32f4xx_hal_tim.o(.text.TIM_CCxChannelCmd)
    TIM_ETR_SetConfig                        0x08004605   Thumb Code    52  stm32f4xx_hal_tim.o(.text.TIM_ETR_SetConfig)
    TIM_OC2_SetConfig                        0x08004751   Thumb Code   244  stm32f4xx_hal_tim.o(.text.TIM_OC2_SetConfig)
    UART_Start_Receive_DMA                   0x0800506d   Thumb Code   304  stm32f4xx_hal_uart.o(.text.UART_Start_Receive_DMA)
    USART1_IRQHandler                        0x08005231   Thumb Code    16  stm32f4xx_it.o(.text.USART1_IRQHandler)
    USART2_IRQHandler                        0x08005241   Thumb Code    16  stm32f4xx_it.o(.text.USART2_IRQHandler)
    UsageFault_Handler                       0x080052a9   Thumb Code     4  stm32f4xx_it.o(.text.UsageFault_Handler)
    fputc                                    0x080054f5   Thumb Code    48  retarget_io.o(.text.fputc)
    main                                     0x08005529   Thumb Code   248  main.o(.text.main)
    stdout_putchar                           0x08005629   Thumb Code   124  stdout_evr.o(.text.stdout_putchar)
    __0printf                                0x080056a5   Thumb Code    22  printfa.o(i.__0printf)
    __1printf                                0x080056a5   Thumb Code     0  printfa.o(i.__0printf)
    __2printf                                0x080056a5   Thumb Code     0  printfa.o(i.__0printf)
    __c89printf                              0x080056a5   Thumb Code     0  printfa.o(i.__0printf)
    printf                                   0x080056a5   Thumb Code     0  printfa.o(i.__0printf)
    __ARM_fpclassify                         0x080056c5   Thumb Code    48  fpclassify.o(i.__ARM_fpclassify)
    __hardfp_sin                             0x080056f9   Thumb Code   180  sin.o(i.__hardfp_sin)
    __ieee754_rem_pio2                       0x080057c1   Thumb Code   938  rred.o(i.__ieee754_rem_pio2)
    __kernel_cos                             0x08005bf9   Thumb Code   322  cos_i.o(i.__kernel_cos)
    __kernel_poly                            0x08005d69   Thumb Code   248  poly.o(i.__kernel_poly)
    __kernel_sin                             0x08005e61   Thumb Code   280  sin_i.o(i.__kernel_sin)
    __mathlib_dbl_infnan                     0x08005f91   Thumb Code    20  dunder.o(i.__mathlib_dbl_infnan)
    __mathlib_dbl_invalid                    0x08005fa9   Thumb Code    24  dunder.o(i.__mathlib_dbl_invalid)
    __mathlib_dbl_underflow                  0x08005fc9   Thumb Code    24  dunder.o(i.__mathlib_dbl_underflow)
    __scatterload_copy                       0x08005fe9   Thumb Code    14  handlers.o(i.__scatterload_copy)
    __scatterload_null                       0x08005ff7   Thumb Code     2  handlers.o(i.__scatterload_null)
    __scatterload_zeroinit                   0x08005ff9   Thumb Code    14  handlers.o(i.__scatterload_zeroinit)
    __set_errno                              0x08006009   Thumb Code     6  errno.o(i.__set_errno)
    fabs                                     0x080068c7   Thumb Code    24  fabs.o(i.fabs)
    AHBPrescTable                            0x08006a08   Data          16  system_stm32f4xx.o(.rodata.AHBPrescTable)
    APBPrescTable                            0x08006a18   Data           8  system_stm32f4xx.o(.rodata.APBPrescTable)
    EventRecorderInfo                        0x08006a28   Data          24  eventrecorder.o(.rodata.EventRecorderInfo)
    Region$$Table$$Base                      0x08006a60   Number         0  anon$$obj.o(Region$$Table)
    Region$$Table$$Limit                     0x08006a80   Number         0  anon$$obj.o(Region$$Table)
    __stdout                                 0x20000000   Data           4  stdout.o(.data)
    SystemCoreClock                          0x20000008   Data           4  system_stm32f4xx.o(.data.SystemCoreClock)
    sec                                      0x2000000c   Data           4  main.o(.data.sec)
    tail                                     0x20000010   Data           4  main.o(.data.tail)
    u2_rx_data_temp                          0x20000014   Data           1  iqr.o(.data.u2_rx_data_temp)
    uwTickFreq                               0x20000015   Data           1  stm32f4xx_hal.o(.data.uwTickFreq)
    uwTickPrio                               0x20000018   Data           4  stm32f4xx_hal.o(.data.uwTickPrio)
    buff2                                    0x20000040   Data          14  iqr.o(.bss.buff2)
    flag                                     0x20000050   Data           4  main.o(.bss.flag)
    hdma_usart2_rx                           0x20000054   Data          96  usart.o(.bss.hdma_usart2_rx)
    hdma_usart2_tx                           0x200000b4   Data          96  usart.o(.bss.hdma_usart2_tx)
    htim1                                    0x20000114   Data          72  tim.o(.bss.htim1)
    htim3                                    0x2000015c   Data          72  tim.o(.bss.htim3)
    htim8                                    0x200001a4   Data          72  stm32f4xx_hal_timebase_tim.o(.bss.htim8)
    huart1                                   0x200001ec   Data          72  usart.o(.bss.huart1)
    huart2                                   0x20000234   Data          72  usart.o(.bss.huart2)
    sinValue                                 0x20001324   Data           4  main.o(.bss.sinValue)
    uwTick                                   0x20001334   Data           4  stm32f4xx_hal.o(.bss.uwTick)
    value                                    0x20001338   Data           4  main.o(.bss.value)
    __initial_sp                             0x20001b40   Data           0  startup_stm32f405xx.o(STACK)



==============================================================================

Memory Map of the image

  Image Entry point : 0x08000189

  Load Region LR_IROM1 (Base: 0x08000000, Size: 0x00006ac0, Max: 0x00100000, ABSOLUTE)

    Execution Region ER_IROM1 (Exec base: 0x08000000, Load base: 0x08000000, Size: 0x00006a80, Max: 0x00100000, ABSOLUTE)

    Exec Addr    Load Addr    Size         Type   Attr      Idx    E Section Name        Object

    0x08000000   0x08000000   0x00000188   Data   RO            3    RESET               startup_stm32f405xx.o
    0x08000188   0x08000188   0x00000000   Code   RO         1186  * .ARM.Collect$$$$00000000  mc_w.l(entry.o)
    0x08000188   0x08000188   0x00000004   Code   RO         1262    .ARM.Collect$$$$00000001  mc_w.l(entry2.o)
    0x0800018c   0x0800018c   0x00000004   Code   RO         1265    .ARM.Collect$$$$00000004  mc_w.l(entry5.o)
    0x08000190   0x08000190   0x00000000   Code   RO         1267    .ARM.Collect$$$$00000008  mc_w.l(entry7b.o)
    0x08000190   0x08000190   0x00000000   Code   RO         1269    .ARM.Collect$$$$0000000A  mc_w.l(entry8b.o)
    0x08000190   0x08000190   0x00000008   Code   RO         1270    .ARM.Collect$$$$0000000B  mc_w.l(entry9a.o)
    0x08000198   0x08000198   0x00000000   Code   RO         1272    .ARM.Collect$$$$0000000D  mc_w.l(entry10a.o)
    0x08000198   0x08000198   0x00000000   Code   RO         1274    .ARM.Collect$$$$0000000F  mc_w.l(entry11a.o)
    0x08000198   0x08000198   0x00000004   Code   RO         1263    .ARM.Collect$$$$00002712  mc_w.l(entry2.o)
    0x0800019c   0x0800019c   0x00000024   Code   RO            4    .text               startup_stm32f405xx.o
    0x080001c0   0x080001c0   0x00000062   Code   RO         1195    .text               mc_w.l(uldiv.o)
    0x08000222   0x08000222   0x00000024   Code   RO         1197    .text               mc_w.l(memcpya.o)
    0x08000246   0x08000246   0x00000024   Code   RO         1199    .text               mc_w.l(memseta.o)
    0x0800026a   0x0800026a   0x0000014e   Code   RO         1231    .text               mf_w.l(dadd.o)
    0x080003b8   0x080003b8   0x00000026   Code   RO         1233    .text               mf_w.l(f2d.o)
    0x080003de   0x080003de   0x00000038   Code   RO         1235    .text               mf_w.l(d2f.o)
    0x08000416   0x08000416   0x0000002c   Code   RO         1285    .text               mc_w.l(uidiv.o)
    0x08000442   0x08000442   0x0000001e   Code   RO         1287    .text               mc_w.l(llshl.o)
    0x08000460   0x08000460   0x00000020   Code   RO         1289    .text               mc_w.l(llushr.o)
    0x08000480   0x08000480   0x00000024   Code   RO         1291    .text               mc_w.l(llsshr.o)
    0x080004a4   0x080004a4   0x00000000   Code   RO         1300    .text               mc_w.l(iusefp.o)
    0x080004a4   0x080004a4   0x0000006e   Code   RO         1301    .text               mf_w.l(fepilogue.o)
    0x08000512   0x08000512   0x000000ba   Code   RO         1303    .text               mf_w.l(depilogue.o)
    0x080005cc   0x080005cc   0x000000e4   Code   RO         1305    .text               mf_w.l(dmul.o)
    0x080006b0   0x080006b0   0x000000de   Code   RO         1307    .text               mf_w.l(ddiv.o)
    0x0800078e   0x0800078e   0x00000030   Code   RO         1311    .text               mf_w.l(dfixul.o)
    0x080007be   0x080007be   0x00000002   PAD
    0x080007c0   0x080007c0   0x00000030   Code   RO         1313    .text               mf_w.l(cdrcmple.o)
    0x080007f0   0x080007f0   0x00000030   Code   RO         1325    .text               mc_w.l(init.o)
    0x08000820   0x08000820   0x00000022   Code   RO         1327    .text               mf_w.l(dflti.o)
    0x08000842   0x08000842   0x0000001a   Code   RO         1329    .text               mf_w.l(dfltui.o)
    0x0800085c   0x0800085c   0x0000003e   Code   RO         1331    .text               mf_w.l(dfixi.o)
    0x0800089a   0x0800089a   0x00000002   PAD
    0x0800089c   0x0800089c   0x00000048   Code   RO         1085    .text.BEEP_ALARM    led_beep.o
    0x080008e4   0x080008e4   0x00000004   Code   RO          107    .text.BusFault_Handler  stm32f4xx_it.o
    0x080008e8   0x080008e8   0x00000010   Code   RO          119    .text.DMA1_Stream5_IRQHandler  stm32f4xx_it.o
    0x080008f8   0x080008f8   0x00000010   Code   RO          121    .text.DMA1_Stream6_IRQHandler  stm32f4xx_it.o
    0x08000908   0x08000908   0x00000056   Code   RO          676    .text.DMA_CalcBaseAndBitshift  stm32f4xx_hal_dma.o
    0x0800095e   0x0800095e   0x00000002   PAD
    0x08000960   0x08000960   0x000000f0   Code   RO          674    .text.DMA_CheckFifoParam  stm32f4xx_hal_dma.o
    0x08000a50   0x08000a50   0x00000050   Code   RO          682    .text.DMA_SetConfig  stm32f4xx_hal_dma.o
    0x08000aa0   0x08000aa0   0x00000002   Code   RO          113    .text.DebugMon_Handler  stm32f4xx_it.o
    0x08000aa2   0x08000aa2   0x00000002   PAD
    0x08000aa4   0x08000aa4   0x00000006   Code   RO           28    .text.Error_Handler  main.o
    0x08000aaa   0x08000aaa   0x00000002   PAD
    0x08000aac   0x08000aac   0x0000003c   Code   RO         1148    .text.EventCheckFilter  eventrecorder.o
    0x08000ae8   0x08000ae8   0x0000009a   Code   RO         1134    .text.EventGetTS    eventrecorder.o
    0x08000b82   0x08000b82   0x00000002   PAD
    0x08000b84   0x08000b84   0x0000005a   Code   RO         1152    .text.EventRecord2  eventrecorder.o
    0x08000bde   0x08000bde   0x00000002   PAD
    0x08000be0   0x08000be0   0x00000186   Code   RO         1146    .text.EventRecordData  eventrecorder.o
    0x08000d66   0x08000d66   0x00000002   PAD
    0x08000d68   0x08000d68   0x000000ee   Code   RO         1136    .text.EventRecordItem  eventrecorder.o
    0x08000e56   0x08000e56   0x00000002   PAD
    0x08000e58   0x08000e58   0x00000092   Code   RO         1132    .text.EventRecorderEnable  eventrecorder.o
    0x08000eea   0x08000eea   0x00000002   PAD
    0x08000eec   0x08000eec   0x000001b8   Code   RO         1128    .text.EventRecorderInitialize  eventrecorder.o
    0x080010a4   0x080010a4   0x0000004a   Code   RO         1138    .text.EventRecorderStart  eventrecorder.o
    0x080010ee   0x080010ee   0x00000002   PAD
    0x080010f0   0x080010f0   0x0000000c   Code   RO         1126    .text.EventRecorderTimerGetCount  eventrecorder.o
    0x080010fc   0x080010fc   0x0000000c   Code   RO         1124    .text.EventRecorderTimerGetFreq  eventrecorder.o
    0x08001108   0x08001108   0x00000024   Code   RO         1122    .text.EventRecorderTimerSetup  eventrecorder.o
    0x0800112c   0x0800112c   0x00000012   Code   RO         1150    .text.GetContext    eventrecorder.o
    0x0800113e   0x0800113e   0x00000002   PAD
    0x08001140   0x08001140   0x00000012   Code   RO         1158    .text.GetRecordIndex  eventrecorder.o
    0x08001152   0x08001152   0x00000002   PAD
    0x08001154   0x08001154   0x000000ec   Code   RO          686    .text.HAL_DMA_Abort  stm32f4xx_hal_dma.o
    0x08001240   0x08001240   0x00000044   Code   RO          688    .text.HAL_DMA_Abort_IT  stm32f4xx_hal_dma.o
    0x08001284   0x08001284   0x0000031e   Code   RO          692    .text.HAL_DMA_IRQHandler  stm32f4xx_hal_dma.o
    0x080015a2   0x080015a2   0x00000002   PAD
    0x080015a4   0x080015a4   0x0000016e   Code   RO          672    .text.HAL_DMA_Init  stm32f4xx_hal_dma.o
    0x08001712   0x08001712   0x00000002   PAD
    0x08001714   0x08001714   0x000000c2   Code   RO          684    .text.HAL_DMA_Start_IT  stm32f4xx_hal_dma.o
    0x080017d6   0x080017d6   0x00000002   PAD
    0x080017d8   0x080017d8   0x00000042   Code   RO          867    .text.HAL_Delay     stm32f4xx_hal.o
    0x0800181a   0x0800181a   0x00000002   PAD
    0x0800181c   0x0800181c   0x000003b6   Code   RO          634    .text.HAL_GPIO_Init  stm32f4xx_hal_gpio.o
    0x08001bd2   0x08001bd2   0x00000002   PAD
    0x08001bd4   0x08001bd4   0x0000002e   Code   RO          640    .text.HAL_GPIO_WritePin  stm32f4xx_hal_gpio.o
    0x08001c02   0x08001c02   0x00000002   PAD
    0x08001c04   0x08001c04   0x0000000c   Code   RO          859    .text.HAL_GetTick   stm32f4xx_hal.o
    0x08001c10   0x08001c10   0x0000001a   Code   RO          857    .text.HAL_IncTick   stm32f4xx_hal.o
    0x08001c2a   0x08001c2a   0x00000002   PAD
    0x08001c2c   0x08001c2c   0x00000036   Code   RO          847    .text.HAL_Init      stm32f4xx_hal.o
    0x08001c62   0x08001c62   0x00000002   PAD
    0x08001c64   0x08001c64   0x000000dc   Code   RO          148    .text.HAL_InitTick  stm32f4xx_hal_timebase_tim.o
    0x08001d40   0x08001d40   0x0000004a   Code   RO          140    .text.HAL_MspInit   stm32f4xx_hal_msp.o
    0x08001d8a   0x08001d8a   0x00000002   PAD
    0x08001d8c   0x08001d8c   0x00000014   Code   RO          782    .text.HAL_NVIC_EnableIRQ  stm32f4xx_hal_cortex.o
    0x08001da0   0x08001da0   0x00000032   Code   RO          774    .text.HAL_NVIC_SetPriority  stm32f4xx_hal_cortex.o
    0x08001dd2   0x08001dd2   0x00000002   PAD
    0x08001dd4   0x08001dd4   0x00000010   Code   RO          770    .text.HAL_NVIC_SetPriorityGrouping  stm32f4xx_hal_cortex.o
    0x08001de4   0x08001de4   0x00000262   Code   RO          502    .text.HAL_RCC_ClockConfig  stm32f4xx_hal_rcc.o
    0x08002046   0x08002046   0x00000002   PAD
    0x08002048   0x08002048   0x00000054   Code   RO          520    .text.HAL_RCC_GetClockConfig  stm32f4xx_hal_rcc.o
    0x0800209c   0x0800209c   0x0000000c   Code   RO          512    .text.HAL_RCC_GetHCLKFreq  stm32f4xx_hal_rcc.o
    0x080020a8   0x080020a8   0x00000022   Code   RO          514    .text.HAL_RCC_GetPCLK1Freq  stm32f4xx_hal_rcc.o
    0x080020ca   0x080020ca   0x00000002   PAD
    0x080020cc   0x080020cc   0x00000022   Code   RO          516    .text.HAL_RCC_GetPCLK2Freq  stm32f4xx_hal_rcc.o
    0x080020ee   0x080020ee   0x00000002   PAD
    0x080020f0   0x080020f0   0x000000e6   Code   RO          504    .text.HAL_RCC_GetSysClockFreq  stm32f4xx_hal_rcc.o
    0x080021d6   0x080021d6   0x00000002   PAD
    0x080021d8   0x080021d8   0x000006be   Code   RO          500    .text.HAL_RCC_OscConfig  stm32f4xx_hal_rcc.o
    0x08002896   0x08002896   0x00000002   PAD
    0x08002898   0x08002898   0x00000008   Code   RO          485    .text.HAL_TIMEx_BreakCallback  stm32f4xx_hal_tim_ex.o
    0x080028a0   0x080028a0   0x00000008   Code   RO          481    .text.HAL_TIMEx_CommutCallback  stm32f4xx_hal_tim_ex.o
    0x080028a8   0x080028a8   0x00000122   Code   RO          475    .text.HAL_TIMEx_MasterConfigSynchronization  stm32f4xx_hal_tim_ex.o
    0x080029ca   0x080029ca   0x00000002   PAD
    0x080029cc   0x080029cc   0x0000009c   Code   RO          162    .text.HAL_TIM_Base_Init  stm32f4xx_hal_tim.o
    0x08002a68   0x08002a68   0x0000009a   Code   RO           69    .text.HAL_TIM_Base_MspInit  tim.o
    0x08002b02   0x08002b02   0x00000002   PAD
    0x08002b04   0x08002b04   0x000000f6   Code   RO          176    .text.HAL_TIM_Base_Start_IT  stm32f4xx_hal_tim.o
    0x08002bfa   0x08002bfa   0x00000002   PAD
    0x08002bfc   0x08002bfc   0x00000184   Code   RO          354    .text.HAL_TIM_ConfigClockSource  stm32f4xx_hal_tim.o
    0x08002d80   0x08002d80   0x00000008   Code   RO          298    .text.HAL_TIM_IC_CaptureCallback  stm32f4xx_hal_tim.o
    0x08002d88   0x08002d88   0x0000021a   Code   RO          296    .text.HAL_TIM_IRQHandler  stm32f4xx_hal_tim.o
    0x08002fa2   0x08002fa2   0x00000002   PAD
    0x08002fa4   0x08002fa4   0x00000068   Code   RO           67    .text.HAL_TIM_MspPostInit  tim.o
    0x0800300c   0x0800300c   0x00000008   Code   RO          300    .text.HAL_TIM_OC_DelayElapsedCallback  stm32f4xx_hal_tim.o
    0x08003014   0x08003014   0x00000142   Code   RO          328    .text.HAL_TIM_PWM_ConfigChannel  stm32f4xx_hal_tim.o
    0x08003156   0x08003156   0x00000002   PAD
    0x08003158   0x08003158   0x0000009c   Code   RO          216    .text.HAL_TIM_PWM_Init  stm32f4xx_hal_tim.o
    0x080031f4   0x080031f4   0x00000008   Code   RO          218    .text.HAL_TIM_PWM_MspInit  stm32f4xx_hal_tim.o
    0x080031fc   0x080031fc   0x00000008   Code   RO          302    .text.HAL_TIM_PWM_PulseFinishedCallback  stm32f4xx_hal_tim.o
    0x08003204   0x08003204   0x000001ca   Code   RO          224    .text.HAL_TIM_PWM_Start  stm32f4xx_hal_tim.o
    0x080033ce   0x080033ce   0x00000002   PAD
    0x080033d0   0x080033d0   0x00000254   Code   RO           30    .text.HAL_TIM_PeriodElapsedCallback  main.o
    0x08003624   0x08003624   0x00000008   Code   RO          306    .text.HAL_TIM_TriggerCallback  stm32f4xx_hal_tim.o
    0x0800362c   0x0800362c   0x0000000c   Code   RO         1028    .text.HAL_UARTEx_RxEventCallback  stm32f4xx_hal_uart.o
    0x08003638   0x08003638   0x00000008   Code   RO         1026    .text.HAL_UART_ErrorCallback  stm32f4xx_hal_uart.o
    0x08003640   0x08003640   0x0000045c   Code   RO         1020    .text.HAL_UART_IRQHandler  stm32f4xx_hal_uart.o
    0x08003a9c   0x08003a9c   0x0000009e   Code   RO          936    .text.HAL_UART_Init  stm32f4xx_hal_uart.o
    0x08003b3a   0x08003b3a   0x00000002   PAD
    0x08003b3c   0x08003b3c   0x0000023e   Code   RO           86    .text.HAL_UART_MspInit  usart.o
    0x08003d7a   0x08003d7a   0x00000002   PAD
    0x08003d7c   0x08003d7c   0x00000056   Code   RO          972    .text.HAL_UART_Receive_DMA  stm32f4xx_hal_uart.o
    0x08003dd2   0x08003dd2   0x00000002   PAD
    0x08003dd4   0x08003dd4   0x00000008   Code   RO         1038    .text.HAL_UART_RxCpltCallback  stm32f4xx_hal_uart.o
    0x08003ddc   0x08003ddc   0x00000008   Code   RO         1040    .text.HAL_UART_RxHalfCpltCallback  stm32f4xx_hal_uart.o
    0x08003de4   0x08003de4   0x000000fc   Code   RO          964    .text.HAL_UART_Transmit_DMA  stm32f4xx_hal_uart.o
    0x08003ee0   0x08003ee0   0x00000008   Code   RO         1034    .text.HAL_UART_TxCpltCallback  stm32f4xx_hal_uart.o
    0x08003ee8   0x08003ee8   0x00000008   Code   RO         1036    .text.HAL_UART_TxHalfCpltCallback  stm32f4xx_hal_uart.o
    0x08003ef0   0x08003ef0   0x00000004   Code   RO          103    .text.HardFault_Handler  stm32f4xx_it.o
    0x08003ef4   0x08003ef4   0x00000012   Code   RO         1166    .text.IncrementRecordsDumped  eventrecorder.o
    0x08003f06   0x08003f06   0x00000002   PAD
    0x08003f08   0x08003f08   0x00000012   Code   RO         1164    .text.IncrementRecordsWritten  eventrecorder.o
    0x08003f1a   0x08003f1a   0x00000002   PAD
    0x08003f1c   0x08003f1c   0x0000008c   Code   RO         1160    .text.LockRecord    eventrecorder.o
    0x08003fa8   0x08003fa8   0x00000050   Code   RO           55    .text.MX_DMA_Init   dma.o
    0x08003ff8   0x08003ff8   0x00000084   Code   RO           47    .text.MX_GPIO_Init  gpio.o
    0x0800407c   0x0800407c   0x00000092   Code   RO           63    .text.MX_TIM1_Init  tim.o
    0x0800410e   0x0800410e   0x00000002   PAD
    0x08004110   0x08004110   0x00000114   Code   RO           65    .text.MX_TIM3_Init  tim.o
    0x08004224   0x08004224   0x00000040   Code   RO           82    .text.MX_USART1_UART_Init  usart.o
    0x08004264   0x08004264   0x00000040   Code   RO           84    .text.MX_USART2_UART_Init  usart.o
    0x080042a4   0x080042a4   0x00000004   Code   RO          105    .text.MemManage_Handler  stm32f4xx_it.o
    0x080042a8   0x080042a8   0x00000004   Code   RO          101    .text.NMI_Handler   stm32f4xx_it.o
    0x080042ac   0x080042ac   0x0000006c   Code   RO          780    .text.NVIC_EncodePriority  stm32f4xx_hal_cortex.o
    0x08004318   0x08004318   0x00000002   Code   RO          115    .text.PendSV_Handler  stm32f4xx_it.o
    0x0800431a   0x0800431a   0x00000002   PAD
    0x0800431c   0x0800431c   0x00000002   Code   RO          111    .text.SVC_Handler   stm32f4xx_it.o
    0x0800431e   0x0800431e   0x00000002   PAD
    0x08004320   0x08004320   0x00000002   Code   RO          117    .text.SysTick_Handler  stm32f4xx_it.o
    0x08004322   0x08004322   0x00000002   PAD
    0x08004324   0x08004324   0x000000be   Code   RO           26    .text.SystemClock_Config  main.o
    0x080043e2   0x080043e2   0x00000002   PAD
    0x080043e4   0x080043e4   0x00000012   Code   RO         1067    .text.SystemInit    system_stm32f4xx.o
    0x080043f6   0x080043f6   0x00000002   PAD
    0x080043f8   0x080043f8   0x00000010   Code   RO          123    .text.TIM1_UP_TIM10_IRQHandler  stm32f4xx_it.o
    0x08004408   0x08004408   0x00000010   Code   RO          125    .text.TIM3_IRQHandler  stm32f4xx_it.o
    0x08004418   0x08004418   0x00000010   Code   RO          131    .text.TIM8_UP_TIM13_IRQHandler  stm32f4xx_it.o
    0x08004428   0x08004428   0x000001a4   Code   RO          166    .text.TIM_Base_SetConfig  stm32f4xx_hal_tim.o
    0x080045cc   0x080045cc   0x00000036   Code   RO          200    .text.TIM_CCxChannelCmd  stm32f4xx_hal_tim.o
    0x08004602   0x08004602   0x00000002   PAD
    0x08004604   0x08004604   0x00000034   Code   RO          352    .text.TIM_ETR_SetConfig  stm32f4xx_hal_tim.o
    0x08004638   0x08004638   0x0000002a   Code   RO          358    .text.TIM_ITRx_SetConfig  stm32f4xx_hal_tim.o
    0x08004662   0x08004662   0x00000002   PAD
    0x08004664   0x08004664   0x000000ea   Code   RO          310    .text.TIM_OC1_SetConfig  stm32f4xx_hal_tim.o
    0x0800474e   0x0800474e   0x00000002   PAD
    0x08004750   0x08004750   0x000000f4   Code   RO          312    .text.TIM_OC2_SetConfig  stm32f4xx_hal_tim.o
    0x08004844   0x08004844   0x000000f2   Code   RO          314    .text.TIM_OC3_SetConfig  stm32f4xx_hal_tim.o
    0x08004936   0x08004936   0x00000002   PAD
    0x08004938   0x08004938   0x000000a4   Code   RO          316    .text.TIM_OC4_SetConfig  stm32f4xx_hal_tim.o
    0x080049dc   0x080049dc   0x00000050   Code   RO          356    .text.TIM_TI1_ConfigInputStage  stm32f4xx_hal_tim.o
    0x08004a2c   0x08004a2c   0x00000052   Code   RO          360    .text.TIM_TI2_ConfigInputStage  stm32f4xx_hal_tim.o
    0x08004a7e   0x08004a7e   0x00000002   PAD
    0x08004a80   0x08004a80   0x0000001c   Code   RO         1024    .text.UART_DMAAbortOnError  stm32f4xx_hal_uart.o
    0x08004a9c   0x08004a9c   0x0000007c   Code   RO          970    .text.UART_DMAError  stm32f4xx_hal_uart.o
    0x08004b18   0x08004b18   0x000000f4   Code   RO         1056    .text.UART_DMAReceiveCplt  stm32f4xx_hal_uart.o
    0x08004c0c   0x08004c0c   0x00000034   Code   RO         1058    .text.UART_DMARxHalfCplt  stm32f4xx_hal_uart.o
    0x08004c40   0x08004c40   0x0000007a   Code   RO          966    .text.UART_DMATransmitCplt  stm32f4xx_hal_uart.o
    0x08004cba   0x08004cba   0x00000002   PAD
    0x08004cbc   0x08004cbc   0x00000016   Code   RO          968    .text.UART_DMATxHalfCplt  stm32f4xx_hal_uart.o
    0x08004cd2   0x08004cd2   0x00000002   PAD
    0x08004cd4   0x08004cd4   0x00000094   Code   RO          984    .text.UART_EndRxTransfer  stm32f4xx_hal_uart.o
    0x08004d68   0x08004d68   0x00000026   Code   RO         1032    .text.UART_EndTransmit_IT  stm32f4xx_hal_uart.o
    0x08004d8e   0x08004d8e   0x00000002   PAD
    0x08004d90   0x08004d90   0x00000036   Code   RO          982    .text.UART_EndTxTransfer  stm32f4xx_hal_uart.o
    0x08004dc6   0x08004dc6   0x00000002   PAD
    0x08004dc8   0x08004dc8   0x00000168   Code   RO         1022    .text.UART_Receive_IT  stm32f4xx_hal_uart.o
    0x08004f30   0x08004f30   0x0000013a   Code   RO          940    .text.UART_SetConfig  stm32f4xx_hal_uart.o
    0x0800506a   0x0800506a   0x00000002   PAD
    0x0800506c   0x0800506c   0x00000130   Code   RO          974    .text.UART_Start_Receive_DMA  stm32f4xx_hal_uart.o
    0x0800519c   0x0800519c   0x00000094   Code   RO         1030    .text.UART_Transmit_IT  stm32f4xx_hal_uart.o
    0x08005230   0x08005230   0x00000010   Code   RO          127    .text.USART1_IRQHandler  stm32f4xx_it.o
    0x08005240   0x08005240   0x00000010   Code   RO          129    .text.USART2_IRQHandler  stm32f4xx_it.o
    0x08005250   0x08005250   0x00000056   Code   RO         1162    .text.UnlockRecord  eventrecorder.o
    0x080052a6   0x080052a6   0x00000002   PAD
    0x080052a8   0x080052a8   0x00000004   Code   RO          109    .text.UsageFault_Handler  stm32f4xx_it.o
    0x080052ac   0x080052ac   0x00000030   Code   RO          784    .text.__NVIC_EnableIRQ  stm32f4xx_hal_cortex.o
    0x080052dc   0x080052dc   0x00000010   Code   RO          776    .text.__NVIC_GetPriorityGrouping  stm32f4xx_hal_cortex.o
    0x080052ec   0x080052ec   0x00000042   Code   RO          778    .text.__NVIC_SetPriority  stm32f4xx_hal_cortex.o
    0x0800532e   0x0800532e   0x00000002   PAD
    0x08005330   0x08005330   0x0000003c   Code   RO          772    .text.__NVIC_SetPriorityGrouping  stm32f4xx_hal_cortex.o
    0x0800536c   0x0800536c   0x00000060   Code   RO         1156    .text.atomic_cmp_xch_32  eventrecorder.o
    0x080053cc   0x080053cc   0x0000004c   Code   RO         1168    .text.atomic_inc_32  eventrecorder.o
    0x08005418   0x08005418   0x00000058   Code   RO         1170    .text.atomic_inc_8  eventrecorder.o
    0x08005470   0x08005470   0x00000082   Code   RO         1130    .text.crc16_ccitt   eventrecorder.o
    0x080054f2   0x080054f2   0x00000002   PAD
    0x080054f4   0x080054f4   0x00000030   Code   RO         1094    .text.fputc         retarget_io.o
    0x08005524   0x08005524   0x00000004   PAD
    0x08005528   0x08005528   0x00000100   Code   RO           24    .text.main          main.o
    0x08005628   0x08005628   0x0000007c   Code   RO         1112    .text.stdout_putchar  stdout_evr.o
    0x080056a4   0x080056a4   0x00000020   Code   RO         1204    i.__0printf         mc_w.l(printfa.o)
    0x080056c4   0x080056c4   0x00000030   Code   RO         1321    i.__ARM_fpclassify  m_wm.l(fpclassify.o)
    0x080056f4   0x080056f4   0x00000004   PAD
    0x080056f8   0x080056f8   0x000000c8   Code   RO         1180    i.__hardfp_sin      m_wm.l(sin.o)
    0x080057c0   0x080057c0   0x00000438   Code   RO         1254    i.__ieee754_rem_pio2  m_wm.l(rred.o)
    0x08005bf8   0x08005bf8   0x00000170   Code   RO         1237    i.__kernel_cos      m_wm.l(cos_i.o)
    0x08005d68   0x08005d68   0x000000f8   Code   RO         1323    i.__kernel_poly     m_wm.l(poly.o)
    0x08005e60   0x08005e60   0x00000130   Code   RO         1259    i.__kernel_sin      m_wm.l(sin_i.o)
    0x08005f90   0x08005f90   0x00000014   Code   RO         1241    i.__mathlib_dbl_infnan  m_wm.l(dunder.o)
    0x08005fa4   0x08005fa4   0x00000004   PAD
    0x08005fa8   0x08005fa8   0x00000020   Code   RO         1243    i.__mathlib_dbl_invalid  m_wm.l(dunder.o)
    0x08005fc8   0x08005fc8   0x00000020   Code   RO         1246    i.__mathlib_dbl_underflow  m_wm.l(dunder.o)
    0x08005fe8   0x08005fe8   0x0000000e   Code   RO         1335    i.__scatterload_copy  mc_w.l(handlers.o)
    0x08005ff6   0x08005ff6   0x00000002   Code   RO         1336    i.__scatterload_null  mc_w.l(handlers.o)
    0x08005ff8   0x08005ff8   0x0000000e   Code   RO         1337    i.__scatterload_zeroinit  mc_w.l(handlers.o)
    0x08006006   0x08006006   0x00000002   PAD
    0x08006008   0x08006008   0x0000000c   Code   RO         1295    i.__set_errno       mc_w.l(errno.o)
    0x08006014   0x08006014   0x00000184   Code   RO         1211    i._fp_digits        mc_w.l(printfa.o)
    0x08006198   0x08006198   0x000006dc   Code   RO         1212    i._printf_core      mc_w.l(printfa.o)
    0x08006874   0x08006874   0x00000024   Code   RO         1213    i._printf_post_padding  mc_w.l(printfa.o)
    0x08006898   0x08006898   0x0000002e   Code   RO         1214    i._printf_pre_padding  mc_w.l(printfa.o)
    0x080068c6   0x080068c6   0x00000018   Code   RO         1317    i.fabs              m_wm.l(fabs.o)
    0x080068de   0x080068de   0x00000002   PAD
    0x080068e0   0x080068e0   0x00000030   Data   RO         1238    .constdata          m_wm.l(cos_i.o)
    0x08006910   0x08006910   0x000000cc   Data   RO         1256    .constdata          m_wm.l(rred.o)
    0x080069dc   0x080069dc   0x00000004   PAD
    0x080069e0   0x080069e0   0x00000028   Data   RO         1260    .constdata          m_wm.l(sin_i.o)
    0x08006a08   0x08006a08   0x00000010   Data   RO         1072    .rodata.AHBPrescTable  system_stm32f4xx.o
    0x08006a18   0x08006a18   0x00000008   Data   RO         1073    .rodata.APBPrescTable  system_stm32f4xx.o
    0x08006a20   0x08006a20   0x00000008   Data   RO          702    .rodata.DMA_CalcBaseAndBitshift.flagBitshiftOffset  stm32f4xx_hal_dma.o
    0x08006a28   0x08006a28   0x00000018   Data   RO         1173    .rodata.EventRecorderInfo  eventrecorder.o
    0x08006a40   0x08006a40   0x0000001f   Data   RO           38    .rodata.str1.1      main.o
    0x08006a5f   0x08006a5f   0x00000001   PAD
    0x08006a60   0x08006a60   0x00000020   Data   RO         1334    Region$$Table       anon$$obj.o


    Execution Region RW_IRAM1 (Exec base: 0x20000000, Load base: 0x08006a80, Size: 0x00001b40, Max: 0x0001c000, ABSOLUTE)

    Exec Addr    Load Addr    Size         Type   Attr      Idx    E Section Name        Object

    0x20000000   0x08006a80   0x00000004   Data   RW         1193    .data               mc_w.l(stdout.o)
    0x20000004   0x08006a84   0x00000004   Data   RW         1296    .data               mc_w.l(errno.o)
    0x20000008   0x08006a88   0x00000004   Data   RW         1071    .data.SystemCoreClock  system_stm32f4xx.o
    0x2000000c   0x08006a8c   0x00000004   Data   RW           33    .data.sec           main.o
    0x20000010   0x08006a90   0x00000004   Data   RW           36    .data.tail          main.o
    0x20000014   0x08006a94   0x00000001   Data   RW           14    .data.u2_rx_data_temp  iqr.o
    0x20000015   0x08006a95   0x00000001   Data   RW          902    .data.uwTickFreq    stm32f4xx_hal.o
    0x20000016   0x08006a96   0x00000002   PAD
    0x20000018   0x08006a98   0x00000004   Data   RW          901    .data.uwTickPrio    stm32f4xx_hal.o
    0x2000001c   0x08006a9c   0x00000024   PAD
    0x20000040        -       0x0000000e   Zero   RW           16    .bss.buff2          iqr.o
    0x2000004e   0x08006a9c   0x00000002   PAD
    0x20000050        -       0x00000004   Zero   RW           34    .bss.flag           main.o
    0x20000054        -       0x00000060   Zero   RW           92    .bss.hdma_usart2_rx  usart.o
    0x200000b4        -       0x00000060   Zero   RW           93    .bss.hdma_usart2_tx  usart.o
    0x20000114        -       0x00000048   Zero   RW           73    .bss.htim1          tim.o
    0x2000015c        -       0x00000048   Zero   RW           74    .bss.htim3          tim.o
    0x200001a4        -       0x00000048   Zero   RW          154    .bss.htim8          stm32f4xx_hal_timebase_tim.o
    0x200001ec        -       0x00000048   Zero   RW           90    .bss.huart1         usart.o
    0x20000234        -       0x00000048   Zero   RW           91    .bss.huart2         usart.o
    0x2000027c   0x08006a9c   0x00000004   PAD
    0x20000280        -       0x000010a4   Zero   RW         1172    .bss.noinit         eventrecorder.o
    0x20001324        -       0x00000004   Zero   RW           35    .bss.sinValue       main.o
    0x20001328        -       0x00000008   Zero   RW         1115    .bss.stdout_putchar.buffer  stdout_evr.o
    0x20001330        -       0x00000004   Zero   RW         1114    .bss.stdout_putchar.index  stdout_evr.o
    0x20001334        -       0x00000004   Zero   RW          903    .bss.uwTick         stm32f4xx_hal.o
    0x20001338        -       0x00000004   Zero   RW           37    .bss.value          main.o
    0x2000133c   0x08006a9c   0x00000004   PAD
    0x20001340        -       0x00000800   Zero   RW            1    STACK               startup_stm32f405xx.o


    Execution Region RW_IRAM2 (Exec base: 0x2001c000, Load base: 0x08006ac0, Size: 0x00000000, Max: 0x00004000, ABSOLUTE)

    **** No section assigned to this execution region ****


==============================================================================

Image component sizes


      Code (inc. data)   RO Data    RW Data    ZI Data      Debug   Object Name

        80          0          0          0          0       3239   dma.o
      2340          0         24          0       4260       8726   eventrecorder.o
       132          0          0          0          0       2065   gpio.o
         0          0          0          1         14       3422   iqr.o
        72          0          0          0          0       1494   led_beep.o
      1048          8         31          8         12       6533   main.o
        48          0          0          0          0       1592   retarget_io.o
        36          8        392          0       2048        816   startup_stm32f405xx.o
       124          0          0          0         12        847   stdout_evr.o
       158          0          0          5          4       7059   stm32f4xx_hal.o
       384          0          0          0          0       9670   stm32f4xx_hal_cortex.o
      2068          8          8          0          0       8500   stm32f4xx_hal_dma.o
       996          0          0          0          0       5096   stm32f4xx_hal_gpio.o
        74          0          0          0          0       1477   stm32f4xx_hal_msp.o
      2730          0          0          0          0       7600   stm32f4xx_hal_rcc.o
      3918         14          0          0          0      36005   stm32f4xx_hal_tim.o
       306          0          0          0          0      15336   stm32f4xx_hal_tim_ex.o
       220          0          0          0         72       6989   stm32f4xx_hal_timebase_tim.o
      3622          0          0          0          0      20431   stm32f4xx_hal_uart.o
       140          0          0          0          0       1663   stm32f4xx_it.o
        18          0         24          4          0       2507   system_stm32f4xx.o
       680          0          0          0        144       8190   tim.o
       702          0          0          0        336       7214   usart.o

    ----------------------------------------------------------------------
     20012         38        512         20       6948     166471   Object Totals
         0          0         32          0          0          0   (incl. Generated)
       116          0          1          2         46          0   (incl. Padding)

    ----------------------------------------------------------------------

      Code (inc. data)   RO Data    RW Data    ZI Data      Debug   Library Member Name

       368         46         48          0          0        200   cos_i.o
        84         16          0          0          0        372   dunder.o
        24          0          0          0          0        124   fabs.o
        48          0          0          0          0        124   fpclassify.o
       248          0          0          0          0        152   poly.o
      1080        142        204          0          0        188   rred.o
       200         20          0          0          0        164   sin.o
       304         24         40          0          0        208   sin_i.o
         0          0          0          0          0          0   entry.o
         0          0          0          0          0          0   entry10a.o
         0          0          0          0          0          0   entry11a.o
         8          4          0          0          0          0   entry2.o
         4          0          0          0          0          0   entry5.o
         0          0          0          0          0          0   entry7b.o
         0          0          0          0          0          0   entry8b.o
         8          4          0          0          0          0   entry9a.o
        12          6          0          4          0         68   errno.o
        30          0          0          0          0          0   handlers.o
        48         10          0          0          0         68   init.o
         0          0          0          0          0          0   iusefp.o
        30          0          0          0          0         68   llshl.o
        36          0          0          0          0         68   llsshr.o
        32          0          0          0          0         68   llushr.o
        36          0          0          0          0         68   memcpya.o
        36          0          0          0          0        108   memseta.o
      2258         90          0          0          0        452   printfa.o
         0          0          0          4          0          0   stdout.o
        44          0          0          0          0         80   uidiv.o
        98          0          0          0          0         92   uldiv.o
        48          0          0          0          0         68   cdrcmple.o
        56          0          0          0          0         88   d2f.o
       334          0          0          0          0        148   dadd.o
       222          0          0          0          0        100   ddiv.o
       186          0          0          0          0        176   depilogue.o
        62          0          0          0          0         80   dfixi.o
        48          0          0          0          0         68   dfixul.o
        34          0          0          0          0         76   dflti.o
        26          0          0          0          0         76   dfltui.o
       228          0          0          0          0         96   dmul.o
        38          0          0          0          0         68   f2d.o
       110          0          0          0          0        168   fepilogue.o

    ----------------------------------------------------------------------
      6444        362        296          8          0       3884   Library Totals
        16          0          4          0          0          0   (incl. Padding)

    ----------------------------------------------------------------------

      Code (inc. data)   RO Data    RW Data    ZI Data      Debug   Library Name

      2356        248        292          0          0       1532   m_wm.l
      2680        114          0          8          0       1140   mc_w.l
      1392          0          0          0          0       1212   mf_w.l

    ----------------------------------------------------------------------
      6444        362        296          8          0       3884   Library Totals

    ----------------------------------------------------------------------

==============================================================================


      Code (inc. data)   RO Data    RW Data    ZI Data      Debug   

     26456        400        808         28       6948     168063   Grand Totals
     26456        400        808         28       6948     168063   ELF Image Totals
     26456        400        808         28          0          0   ROM Totals

==============================================================================

    Total RO  Size (Code + RO Data)                27264 (  26.62kB)
    Total RW  Size (RW Data + ZI Data)              6976 (   6.81kB)
    Total ROM Size (Code + RO Data + RW Data)      27292 (  26.65kB)

==============================================================================

